Archive member included because of file (symbol)

/Users/lszuba/dev/LPCXpresso/workspace/lpc_board_nxp_lpcxpresso_824/Debug/liblpc_board_nxp_lpcxpresso_824.a(board.o)
                              ./src/test_1.o (Board_LED_Set)
/Users/lszuba/dev/LPCXpresso/workspace/lpc_board_nxp_lpcxpresso_824/Debug/liblpc_board_nxp_lpcxpresso_824.a(board_sysinit.o)
                              ./src/sysinit.o (Board_SystemInit)
/Users/lszuba/dev/LPCXpresso/workspace/lpc_chip_82x/Debug/liblpc_chip_82x.a(adc_8xx.o)
                              ./src/init.o (Chip_ADC_Init)
/Users/lszuba/dev/LPCXpresso/workspace/lpc_chip_82x/Debug/liblpc_chip_82x.a(chip_8xx.o)
                              ./src/init.o (SystemCoreClock)
/Users/lszuba/dev/LPCXpresso/workspace/lpc_chip_82x/Debug/liblpc_chip_82x.a(clock_8xx.o)
                              ./src/init.o (Chip_Clock_GetSystemClockRate)
/Users/lszuba/dev/LPCXpresso/workspace/lpc_chip_82x/Debug/liblpc_chip_82x.a(dma_8xx.o)
                              ./src/init.o (Chip_DMA_Table)
/Users/lszuba/dev/LPCXpresso/workspace/lpc_chip_82x/Debug/liblpc_chip_82x.a(gpio_8xx.o)
                              /Users/lszuba/dev/LPCXpresso/workspace/lpc_board_nxp_lpcxpresso_824/Debug/liblpc_board_nxp_lpcxpresso_824.a(board.o) (Chip_GPIO_Init)
/Users/lszuba/dev/LPCXpresso/workspace/lpc_chip_82x/Debug/liblpc_chip_82x.a(ring_buffer.o)
                              ./src/test_1.o (RingBuffer_Init)
/Users/lszuba/dev/LPCXpresso/workspace/lpc_chip_82x/Debug/liblpc_chip_82x.a(sct_8xx.o)
                              ./src/init.o (Chip_SCT_Init)
/Users/lszuba/dev/LPCXpresso/workspace/lpc_chip_82x/Debug/liblpc_chip_82x.a(sct_pwm_8xx.o)
                              ./src/init.o (Chip_SCTPWM_SetOutPin)
/Users/lszuba/dev/LPCXpresso/workspace/lpc_chip_82x/Debug/liblpc_chip_82x.a(swm_8xx.o)
                              ./src/init.o (Chip_SWM_MovablePinAssign)
/Users/lszuba/dev/LPCXpresso/workspace/lpc_chip_82x/Debug/liblpc_chip_82x.a(syscon_8xx.o)
                              /Users/lszuba/dev/LPCXpresso/workspace/lpc_chip_82x/Debug/liblpc_chip_82x.a(adc_8xx.o) (Chip_SYSCTL_PowerDown)
/Users/lszuba/dev/LPCXpresso/workspace/lpc_chip_82x/Debug/liblpc_chip_82x.a(sysinit_8xx.o)
                              /Users/lszuba/dev/LPCXpresso/workspace/lpc_board_nxp_lpcxpresso_824/Debug/liblpc_board_nxp_lpcxpresso_824.a(board_sysinit.o) (Chip_SetupIrcClocking)
/Users/lszuba/dev/LPCXpresso/workspace/lpc_chip_82x/Debug/liblpc_chip_82x.a(uart_8xx.o)
                              ./src/test_1.o (Chip_UART_Init)
/Applications/lpcxpresso_7.6.2_326/lpcxpresso/tools/bin/../lib/gcc/arm-none-eabi/4.9.3/../../../../arm-none-eabi/lib/armv6-m/libcr_nohost.a(_cr__main.o)
                              ./src/cr_startup_lpc82x.o (__main)
/Applications/lpcxpresso_7.6.2_326/lpcxpresso/tools/bin/../lib/gcc/arm-none-eabi/4.9.3/../../../../arm-none-eabi/lib/armv6-m/libcr_c.a(memcpy.o)
                              /Users/lszuba/dev/LPCXpresso/workspace/lpc_chip_82x/Debug/liblpc_chip_82x.a(ring_buffer.o) (memcpy)
/Applications/lpcxpresso_7.6.2_326/lpcxpresso/tools/bin/../lib/gcc/arm-none-eabi/4.9.3/../../../../arm-none-eabi/lib/armv6-m/libcr_c.a(fpprintf.o)
                              ./src/test_1.o (printf)
/Applications/lpcxpresso_7.6.2_326/lpcxpresso/tools/bin/../lib/gcc/arm-none-eabi/4.9.3/../../../../arm-none-eabi/lib/armv6-m/libcr_c.a(initio.o)
                              /Applications/lpcxpresso_7.6.2_326/lpcxpresso/tools/bin/../lib/gcc/arm-none-eabi/4.9.3/../../../../arm-none-eabi/lib/armv6-m/libcr_nohost.a(_cr__main.o) (_initio)
/Applications/lpcxpresso_7.6.2_326/lpcxpresso/tools/bin/../lib/gcc/arm-none-eabi/4.9.3/../../../../arm-none-eabi/lib/armv6-m/libcr_c.a(printf.o)
                              /Applications/lpcxpresso_7.6.2_326/lpcxpresso/tools/bin/../lib/gcc/arm-none-eabi/4.9.3/../../../../arm-none-eabi/lib/armv6-m/libcr_c.a(fpprintf.o) (__vfprintf)
/Applications/lpcxpresso_7.6.2_326/lpcxpresso/tools/bin/../lib/gcc/arm-none-eabi/4.9.3/../../../../arm-none-eabi/lib/armv6-m/libcr_c.a(setvbuf.o)
                              /Applications/lpcxpresso_7.6.2_326/lpcxpresso/tools/bin/../lib/gcc/arm-none-eabi/4.9.3/../../../../arm-none-eabi/lib/armv6-m/libcr_c.a(initio.o) (setvbuf)
/Applications/lpcxpresso_7.6.2_326/lpcxpresso/tools/bin/../lib/gcc/arm-none-eabi/4.9.3/../../../../arm-none-eabi/lib/armv6-m/libcr_c.a(stdio.o)
                              /Applications/lpcxpresso_7.6.2_326/lpcxpresso/tools/bin/../lib/gcc/arm-none-eabi/4.9.3/../../../../arm-none-eabi/lib/armv6-m/libcr_c.a(fpprintf.o) (__Ciob)
/Applications/lpcxpresso_7.6.2_326/lpcxpresso/tools/bin/../lib/gcc/arm-none-eabi/4.9.3/../../../../arm-none-eabi/lib/armv6-m/libcr_c.a(strlen.o)
                              /Applications/lpcxpresso_7.6.2_326/lpcxpresso/tools/bin/../lib/gcc/arm-none-eabi/4.9.3/../../../../arm-none-eabi/lib/armv6-m/libcr_c.a(printf.o) (strlen)
[...]
Memory Configuration

Name             Origin             Length             Attributes
MFlash32         0x0000000000000000 0x0000000000008000 xr
RamLoc8          0x0000000010000000 0x0000000000002000 xrw
*default*        0x0000000000000000 0xffffffffffffffff

Linker script and memory map

LOAD ./src/aeabi_romdiv_patch.o
LOAD ./src/avg_buffer.o
LOAD ./src/cr_startup_lpc82x.o
LOAD ./src/crp.o
LOAD ./src/fir.o
LOAD ./src/init.o
LOAD ./src/mtb.o
LOAD ./src/pid.o
LOAD ./src/power_avg.o
LOAD ./src/sysinit.o
LOAD ./src/test_1.o
LOAD /Users/lszuba/dev/LPCXpresso/workspace/lpc_board_nxp_lpcxpresso_824/Debug/liblpc_board_nxp_lpcxpresso_824.a
LOAD /Users/lszuba/dev/LPCXpresso/workspace/lpc_chip_82x/Debug/liblpc_chip_82x.a
START GROUP
LOAD /Applications/lpcxpresso_7.6.2_326/lpcxpresso/tools/bin/../lib/gcc/arm-none-eabi/4.9.3/../../../../arm-none-eabi/lib/armv6-m/libcr_nohost.a
LOAD /Applications/lpcxpresso_7.6.2_326/lpcxpresso/tools/bin/../lib/gcc/arm-none-eabi/4.9.3/../../../../arm-none-eabi/lib/armv6-m/libcr_c.a
LOAD /Applications/lpcxpresso_7.6.2_326/lpcxpresso/tools/bin/../lib/gcc/arm-none-eabi/4.9.3/armv6-m/libcr_eabihelpers.a
END GROUP
                0x0000000000008000                __top_MFlash32 = 0x8000
                0x0000000010002000                __top_RamLoc8 = 0x10002000

.text           0x0000000000000000     0x5740
 FILL mask 0xff
                0x0000000000000000                __vectors_start__ = ABSOLUTE (.)
 *(.isr_vector)
 .isr_vector    0x0000000000000000       0xc0 ./src/cr_startup_lpc82x.o
                0x0000000000000000                g_pfnVectors
                0x00000000000000c0                . = ALIGN (0x4)
                0x00000000000000c0                __section_table_start = .
                0x00000000000000c0                __data_section_table = .
                0x00000000000000c0        0x4 LONG 0x5740 LOADADDR (.data)
                0x00000000000000c4        0x4 LONG 0x10000100 ADDR (.data)
                0x00000000000000c8        0x4 LONG 0xdc SIZEOF (.data)
                0x00000000000000cc                __data_section_table_end = .
                0x00000000000000cc                __bss_section_table = .
                0x00000000000000cc        0x4 LONG 0x10000200 ADDR (.bss)
                0x00000000000000d0        0x4 LONG 0x86c SIZEOF (.bss)
                0x00000000000000d4                __bss_section_table_end = .
                0x00000000000000d4                __section_table_end = .
 *(.after_vectors*)
 .after_vectors
                0x00000000000000d4      0x154 ./src/cr_startup_lpc82x.o
                0x00000000000000d4                data_init
                0x0000000000000114                bss_init
                0x0000000000000148                ResetISR
                0x00000000000001f8                NMI_Handler
                0x0000000000000200                HardFault_Handler
                0x0000000000000208                SVC_Handler
                0x0000000000000210                PendSV_Handler
                0x0000000000000220                SPI1_IRQHandler
                0x0000000000000220                PIN_INT6_IRQHandler
                0x0000000000000220                IntDefaultHandler
                0x0000000000000220                PIN_INT4_IRQHandler
                0x0000000000000220                ADC_OVR_IRQHandler
                0x0000000000000220                I2C2_IRQHandler
                0x0000000000000220                UART2_IRQHandler
                0x0000000000000220                PIN_INT5_IRQHandler
                0x0000000000000220                PIN_INT2_IRQHandler
                0x0000000000000220                PIN_INT7_IRQHandler
                0x0000000000000220                ADC_THCMP_IRQHandler
                0x0000000000000220                PIN_INT1_IRQHandler
                0x0000000000000220                BOD_IRQHandler
                0x0000000000000220                I2C3_IRQHandler
                0x0000000000000220                SCT_IRQHandler
                0x0000000000000220                WDT_IRQHandler
                0x0000000000000220                ADC_SEQA_IRQHandler
                0x0000000000000220                PIN_INT0_IRQHandler
                0x0000000000000220                SPI0_IRQHandler
                0x0000000000000220                PIN_INT3_IRQHandler
                0x0000000000000220                CMP_IRQHandler
                0x0000000000000220                FLASH_IRQHandler
                0x0000000000000220                I2C0_IRQHandler
                0x0000000000000220                WKT_IRQHandler
                0x0000000000000220                MRT_IRQHandler
                0x0000000000000220                I2C1_IRQHandler
                0x0000000000000220                UART1_IRQHandler
                0x0000000000000220                ADC_SEQB_IRQHandler
                0x00000000000002fc                . = 0x2fc
 *fill*         0x0000000000000228       0xd4 ff
                0x00000000000002fc                PROVIDE (__CRP_WORD_START__, .)
 *(.crp)
 .crp           0x00000000000002fc        0x4 ./src/crp.o
                0x00000000000002fc                CRP_WORD
                0x0000000000000300                PROVIDE (__CRP_WORD_END__, .)
                0x0000000000000001                ASSERT (! ((__CRP_WORD_START__ == __CRP_WORD_END__)), Linker CRP Enabled, but no CRP_WORD provided within application)
 *(.text*)
 .text.__aeabi_idiv
                0x0000000000000300       0x10 ./src/aeabi_romdiv_patch.o
                0x0000000000000300                __aeabi_idiv
                0x0000000000000300                __aeabi_idivmod
 .text.__aeabi_uidiv
                0x0000000000000310       0x10 ./src/aeabi_romdiv_patch.o
                0x0000000000000310                __aeabi_uidiv
                0x0000000000000310                __aeabi_uidivmod
 .text.init_buffer
                0x0000000000000320       0x38 ./src/avg_buffer.o
                0x0000000000000320                init_buffer
 .text.get_avg  0x0000000000000358       0xa8 ./src/avg_buffer.o
                0x0000000000000358                get_avg
 .text.FirFilter_init
                0x0000000000000400       0x30 ./src/fir.o
                0x0000000000000400                FirFilter_init
 .text.FirFilter_put
                0x0000000000000430       0x30 ./src/fir.o
                0x0000000000000430                FirFilter_put
 .text.FirFilter_get
                0x0000000000000460       0x90 ./src/fir.o
                0x0000000000000460                FirFilter_get
 .text.NVIC_EnableIRQ
                0x00000000000004f0       0x2c ./src/init.o
 .text.NVIC_SetPriority
                0x000000000000051c       0xd4 ./src/init.o
 .text.SysTick_Config
                0x00000000000005f0       0x48 ./src/init.o
 .text.Chip_Clock_EnablePeriphClock
                0x0000000000000638       0x38 ./src/init.o
 .text.Chip_Clock_DisablePeriphClock
                0x0000000000000670       0x3c ./src/init.o
 .text.Chip_SWM_EnableFixedPin
                0x00000000000006ac       0x3c ./src/init.o
 .text.Chip_SWM_DisableFixedPin
                0x00000000000006e8       0x3c ./src/init.o
 .text.Chip_GPIO_SetPortDIROutput
                0x0000000000000724       0x34 ./src/init.o
 .text.Chip_GPIO_SetPinOutHigh
                0x0000000000000758       0x3c ./src/init.o
 .text.Chip_SCT_SetMatchReload
                0x0000000000000794       0x28 ./src/init.o
 .text.Chip_SCT_ClearControl
                0x00000000000007bc       0x28 ./src/init.o
 .text.Chip_SCTPWM_GetTicksPerCycle
                0x00000000000007e4       0x18 ./src/init.o
 .text.Chip_SCTPWM_SetDutyCycle
                0x00000000000007fc       0x2c ./src/init.o
 .text.Chip_SCTPWM_Init
                0x0000000000000828       0x18 ./src/init.o
 .text.Chip_SCTPWM_Start
                0x0000000000000840       0x20 ./src/init.o
 .text.Chip_ADC_SetDivider
                0x0000000000000860       0x2c ./src/init.o
 .text.Chip_ADC_SetClockRate
                0x000000000000088c       0x30 ./src/init.o
 .text.Chip_ADC_IsCalibrationDone
                0x00000000000008bc       0x20 ./src/init.o
 .text.Chip_ADC_SetSequencerBits
                0x00000000000008dc       0x40 ./src/init.o
 .text.Chip_ADC_SetupSequencer
                0x000000000000091c       0x28 ./src/init.o
 .text.Chip_ADC_EnableSequencer
                0x0000000000000944       0x28 ./src/init.o
 .text.Chip_ADC_StartBurstSequencer
                0x000000000000096c       0x28 ./src/init.o
 .text.Chip_ADC_EnableInt
                0x0000000000000994       0x20 ./src/init.o
 .text.Chip_ADC_GetFlags
                0x00000000000009b4       0x14 ./src/init.o
 .text.Chip_ADC_ClearFlags
                0x00000000000009c8       0x18 ./src/init.o
 .text.Chip_DMA_Init
                0x00000000000009e0       0x14 ./src/init.o
 .text.Chip_DMA_Enable
                0x00000000000009f4       0x14 ./src/init.o
 .text.Chip_DMA_SetSRAMBase
                0x0000000000000a08       0x18 ./src/init.o
 .text.Chip_DMA_EnableChannel
                0x0000000000000a20       0x24 ./src/init.o
 .text.Chip_DMA_EnableIntChannel
                0x0000000000000a44       0x24 ./src/init.o
 .text.Chip_DMA_SetValidChannel
                0x0000000000000a68       0x24 ./src/init.o
 .text.Chip_DMA_SetupChannelConfig
                0x0000000000000a8c       0x28 ./src/init.o
 .text.Chip_DMA_SetupChannelTransfer
                0x0000000000000ab4       0x30 ./src/init.o
 .text.Chip_DMA_IsChannelActive
                0x0000000000000ae4       0x2c ./src/init.o
 .text.Chip_DMA_SetupTranChannel
                0x0000000000000b10       0x50 ./src/init.o
 .text.Chip_DMATRIGMUX_SetInputTrig
                0x0000000000000b60       0x2c ./src/init.o
 .text.config_adc_dma
                0x0000000000000b8c       0x90 ./src/init.o
 .text.config_adc
                0x0000000000000c1c       0x90 ./src/init.o
 .text.config_pwm
                0x0000000000000cac       0xac ./src/init.o
 .text.init     0x0000000000000d58       0x6c ./src/init.o
                0x0000000000000d58                init
 .text.init_pwr_buffer
                0x0000000000000dc4       0x40 ./src/power_avg.o
                0x0000000000000dc4                init_pwr_buffer
 .text.put_pwr_val
                0x0000000000000e04       0x70 ./src/power_avg.o
                0x0000000000000e04                put_pwr_val
 .text.get_pwr_avg
                0x0000000000000e74       0x30 ./src/power_avg.o
                0x0000000000000e74                get_pwr_avg
 .text.SystemInit
                0x0000000000000ea4        0xc ./src/sysinit.o
                0x0000000000000ea4                SystemInit
 .text.NVIC_EnableIRQ
                0x0000000000000eb0       0x2c ./src/test_1.o
 .text.Chip_SYSCTL_GetDeviceID
                0x0000000000000edc       0x18 ./src/test_1.o
 .text.Chip_Clock_EnablePeriphClock
                0x0000000000000ef4       0x38 ./src/test_1.o
 .text.Chip_Clock_DisablePeriphClock
                0x0000000000000f2c       0x3c ./src/test_1.o
 .text.Chip_SWM_DisableFixedPin
                0x0000000000000f68       0x3c ./src/test_1.o
 .text.Chip_GPIO_SetPinOutHigh
                0x0000000000000fa4       0x3c ./src/test_1.o
 .text.Chip_GPIO_SetPinOutLow
                0x0000000000000fe0       0x3c ./src/test_1.o
 .text.Chip_UART_Enable
                0x000000000000101c       0x24 ./src/test_1.o
 .text.Chip_UART_TXEnable
                0x0000000000001040       0x20 ./src/test_1.o
 .text.Chip_UART_IntEnable
                0x0000000000001060       0x18 ./src/test_1.o
 .text.Chip_UART_ConfigData
                0x0000000000001078       0x28 ./src/test_1.o
 .text.Chip_SCT_SetMatchReload
                0x00000000000010a0       0x28 ./src/test_1.o
 .text.Chip_SCTPWM_GetTicksPerCycle
                0x00000000000010c8       0x18 ./src/test_1.o
 .text.Chip_SCTPWM_SetDutyCycle
                0x00000000000010e0       0x2c ./src/test_1.o
 .text.Chip_DMA_GetIntStatus
                0x000000000000110c       0x18 ./src/test_1.o
 .text.Chip_DMA_EnableChannel
                0x0000000000001124       0x24 ./src/test_1.o
 .text.Chip_DMA_DisableChannel
                0x0000000000001148       0x24 ./src/test_1.o
 .text.Chip_DMA_GetBusyChannels
                0x000000000000116c       0x18 ./src/test_1.o
 .text.Chip_DMA_ClearErrorIntChannel
                0x0000000000001184       0x24 ./src/test_1.o
 .text.Chip_DMA_ClearActiveIntAChannel
                0x00000000000011a8       0x24 ./src/test_1.o
 .text.Chip_DMA_AbortChannel
                0x00000000000011cc       0x24 ./src/test_1.o
 .text.loop     0x00000000000011f0      0x218 ./src/test_1.o
                0x00000000000011f0                loop
 .text.process_input
                0x0000000000001408      0x1e0 ./src/test_1.o
 .text.interpret_packet
                0x00000000000015e8       0x98 ./src/test_1.o
 .text.set_state
                0x0000000000001680       0x28 ./src/test_1.o
 .text.set_output
                0x00000000000016a8       0x54 ./src/test_1.o
                0x00000000000016a8                set_output
 .text.print_device
                0x00000000000016fc       0x78 ./src/test_1.o
                0x00000000000016fc                print_device
 .text.SysTick_Handler
                0x0000000000001774       0x3c ./src/test_1.o
                0x0000000000001774                SysTick_Handler
 .text.UART0_IRQHandler
                0x00000000000017b0       0x1c ./src/test_1.o
                0x00000000000017b0                UART0_IRQHandler
 .text.DMA_IRQHandler
                0x00000000000017cc       0xa0 ./src/test_1.o
                0x00000000000017cc                DMA_IRQHandler
 .text.main     0x000000000000186c       0xe4 ./src/test_1.o
                0x000000000000186c                main
 .text.Chip_GPIO_SetPinState
                0x0000000000001950       0x3c /Users/lszuba/dev/LPCXpresso/workspace/lpc_board_nxp_lpcxpresso_824/Debug/liblpc_board_nxp_lpcxpresso_824.a(board.o)
 .text.Chip_GPIO_SetPinDIROutput
                0x000000000000198c       0x38 /Users/lszuba/dev/LPCXpresso/workspace/lpc_board_nxp_lpcxpresso_824/Debug/liblpc_board_nxp_lpcxpresso_824.a(board.o)
 .text.Chip_GPIO_SetPinToggle
                0x00000000000019c4       0x3c /Users/lszuba/dev/LPCXpresso/workspace/lpc_board_nxp_lpcxpresso_824/Debug/liblpc_board_nxp_lpcxpresso_824.a(board.o)
 .text.__sys_write
                0x0000000000001a00       0x38 /Users/lszuba/dev/LPCXpresso/workspace/lpc_board_nxp_lpcxpresso_824/Debug/liblpc_board_nxp_lpcxpresso_824.a(board.o)
                0x0000000000001a00                __sys_write
 .text.Board_LED_Init
                0x0000000000001a38       0x4c /Users/lszuba/dev/LPCXpresso/workspace/lpc_board_nxp_lpcxpresso_824/Debug/liblpc_board_nxp_lpcxpresso_824.a(board.o)
 .text.Board_LED_Set
                0x0000000000001a84       0x48 /Users/lszuba/dev/LPCXpresso/workspace/lpc_board_nxp_lpcxpresso_824/Debug/liblpc_board_nxp_lpcxpresso_824.a(board.o)
                0x0000000000001a84                Board_LED_Set
 .text.Board_LED_Toggle
                0x0000000000001acc       0x34 /Users/lszuba/dev/LPCXpresso/workspace/lpc_board_nxp_lpcxpresso_824/Debug/liblpc_board_nxp_lpcxpresso_824.a(board.o)
                0x0000000000001acc                Board_LED_Toggle
 .text.Board_UARTPutChar
                0x0000000000001b00       0x14 /Users/lszuba/dev/LPCXpresso/workspace/lpc_board_nxp_lpcxpresso_824/Debug/liblpc_board_nxp_lpcxpresso_824.a(board.o)
                0x0000000000001b00                Board_UARTPutChar
 .text.Board_UARTPutSTR
                0x0000000000001b14       0x10 /Users/lszuba/dev/LPCXpresso/workspace/lpc_board_nxp_lpcxpresso_824/Debug/liblpc_board_nxp_lpcxpresso_824.a(board.o)
                0x0000000000001b14                Board_UARTPutSTR
 .text.Board_Debug_Init
                0x0000000000001b24        0x8 /Users/lszuba/dev/LPCXpresso/workspace/lpc_board_nxp_lpcxpresso_824/Debug/liblpc_board_nxp_lpcxpresso_824.a(board.o)
                0x0000000000001b24                Board_Debug_Init
 .text.Board_Init
                0x0000000000001b2c       0x18 /Users/lszuba/dev/LPCXpresso/workspace/lpc_board_nxp_lpcxpresso_824/Debug/liblpc_board_nxp_lpcxpresso_824.a(board.o)
                0x0000000000001b2c                Board_Init
 .text.Chip_Clock_EnablePeriphClock
                0x0000000000001b44       0x38 /Users/lszuba/dev/LPCXpresso/workspace/lpc_board_nxp_lpcxpresso_824/Debug/liblpc_board_nxp_lpcxpresso_824.a(board_sysinit.o)
 .text.Board_SetupMuxing
                0x0000000000001b7c       0x10 /Users/lszuba/dev/LPCXpresso/workspace/lpc_board_nxp_lpcxpresso_824/Debug/liblpc_board_nxp_lpcxpresso_824.a(board_sysinit.o)
                0x0000000000001b7c                Board_SetupMuxing
 .text.Board_SetupClocking
                0x0000000000001b8c        0xc /Users/lszuba/dev/LPCXpresso/workspace/lpc_board_nxp_lpcxpresso_824/Debug/liblpc_board_nxp_lpcxpresso_824.a(board_sysinit.o)
                0x0000000000001b8c                Board_SetupClocking
 .text.Board_SystemInit
                0x0000000000001b98       0x10 /Users/lszuba/dev/LPCXpresso/workspace/lpc_board_nxp_lpcxpresso_824/Debug/liblpc_board_nxp_lpcxpresso_824.a(board_sysinit.o)
                0x0000000000001b98                Board_SystemInit
 .text.Chip_Clock_EnablePeriphClock
                0x0000000000001ba8       0x38 /Users/lszuba/dev/LPCXpresso/workspace/lpc_chip_82x/Debug/liblpc_chip_82x.a(adc_8xx.o)
 .text.Chip_ADC_SetDivider
                0x0000000000001be0       0x2c /Users/lszuba/dev/LPCXpresso/workspace/lpc_chip_82x/Debug/liblpc_chip_82x.a(adc_8xx.o)
 .text.Chip_ADC_SetClockRate
                0x0000000000001c0c       0x30 /Users/lszuba/dev/LPCXpresso/workspace/lpc_chip_82x/Debug/liblpc_chip_82x.a(adc_8xx.o)
 .text.Chip_ADC_Init
                0x0000000000001c3c       0x28 /Users/lszuba/dev/LPCXpresso/workspace/lpc_chip_82x/Debug/liblpc_chip_82x.a(adc_8xx.o)
                0x0000000000001c3c                Chip_ADC_Init
 .text.Chip_ADC_StartCalibration
                0x0000000000001c64       0x4c /Users/lszuba/dev/LPCXpresso/workspace/lpc_chip_82x/Debug/liblpc_chip_82x.a(adc_8xx.o)
                0x0000000000001c64                Chip_ADC_StartCalibration
 .text.SystemCoreClockUpdate
                0x0000000000001cb0       0x18 /Users/lszuba/dev/LPCXpresso/workspace/lpc_chip_82x/Debug/liblpc_chip_82x.a(chip_8xx.o)
                0x0000000000001cb0                SystemCoreClockUpdate
 .text.Chip_SYSCTL_AssertPeriphReset
                0x0000000000001cc8       0x38 /Users/lszuba/dev/LPCXpresso/workspace/lpc_chip_82x/Debug/liblpc_chip_82x.a(clock_8xx.o)
 .text.Chip_SYSCTL_DeassertPeriphReset
                0x0000000000001d00       0x34 /Users/lszuba/dev/LPCXpresso/workspace/lpc_chip_82x/Debug/liblpc_chip_82x.a(clock_8xx.o)
 .text.Chip_SYSCTL_PeriphReset
                0x0000000000001d34       0x28 /Users/lszuba/dev/LPCXpresso/workspace/lpc_chip_82x/Debug/liblpc_chip_82x.a(clock_8xx.o)
 .text.Chip_Clock_SetUARTClockDiv
                0x0000000000001d5c       0x1c /Users/lszuba/dev/LPCXpresso/workspace/lpc_chip_82x/Debug/liblpc_chip_82x.a(clock_8xx.o)
 .text.Chip_Clock_GetUARTClockDiv
                0x0000000000001d78       0x18 /Users/lszuba/dev/LPCXpresso/workspace/lpc_chip_82x/Debug/liblpc_chip_82x.a(clock_8xx.o)
 .text.Chip_SYSCTL_SetUSARTFRGDivider
                0x0000000000001d90       0x20 /Users/lszuba/dev/LPCXpresso/workspace/lpc_chip_82x/Debug/liblpc_chip_82x.a(clock_8xx.o)
 .text.Chip_SYSCTL_GetUSARTFRGDivider
                0x0000000000001db0       0x18 /Users/lszuba/dev/LPCXpresso/workspace/lpc_chip_82x/Debug/liblpc_chip_82x.a(clock_8xx.o)
 .text.Chip_SYSCTL_SetUSARTFRGMultiplier
                0x0000000000001dc8       0x20 /Users/lszuba/dev/LPCXpresso/workspace/lpc_chip_82x/Debug/liblpc_chip_82x.a(clock_8xx.o)
 .text.Chip_SYSCTL_GetUSARTFRGMultiplier
                0x0000000000001de8       0x18 /Users/lszuba/dev/LPCXpresso/workspace/lpc_chip_82x/Debug/liblpc_chip_82x.a(clock_8xx.o)
 .text.Chip_Clock_GetMainOscRate
                0x0000000000001e00       0x14 /Users/lszuba/dev/LPCXpresso/workspace/lpc_chip_82x/Debug/liblpc_chip_82x.a(clock_8xx.o)
 .text.Chip_Clock_GetIntOscRate
                0x0000000000001e14       0x10 /Users/lszuba/dev/LPCXpresso/workspace/lpc_chip_82x/Debug/liblpc_chip_82x.a(clock_8xx.o)
 .text.Chip_Clock_GetExtClockInRate
                0x0000000000001e24       0x14 /Users/lszuba/dev/LPCXpresso/workspace/lpc_chip_82x/Debug/liblpc_chip_82x.a(clock_8xx.o)
 .text.Chip_Clock_GetWDTLFORate
                0x0000000000001e38       0x48 /Users/lszuba/dev/LPCXpresso/workspace/lpc_chip_82x/Debug/liblpc_chip_82x.a(clock_8xx.o)
 .text.Chip_Clock_GetPLLFreq
                0x0000000000001e80       0x24 /Users/lszuba/dev/LPCXpresso/workspace/lpc_chip_82x/Debug/liblpc_chip_82x.a(clock_8xx.o)
 .text.Chip_Clock_SetSystemPLLSource
                0x0000000000001ea4       0x2c /Users/lszuba/dev/LPCXpresso/workspace/lpc_chip_82x/Debug/liblpc_chip_82x.a(clock_8xx.o)
                0x0000000000001ea4                Chip_Clock_SetSystemPLLSource
 .text.Chip_Clock_SetMainClockSource
                0x0000000000001ed0       0x2c /Users/lszuba/dev/LPCXpresso/workspace/lpc_chip_82x/Debug/liblpc_chip_82x.a(clock_8xx.o)
                0x0000000000001ed0                Chip_Clock_SetMainClockSource
 .text.Chip_Clock_GetWDTOSCRate
                0x0000000000001efc       0x20 /Users/lszuba/dev/LPCXpresso/workspace/lpc_chip_82x/Debug/liblpc_chip_82x.a(clock_8xx.o)
                0x0000000000001efc                Chip_Clock_GetWDTOSCRate
 .text.Chip_Clock_GetSystemPLLInClockRate
                0x0000000000001f1c       0x50 /Users/lszuba/dev/LPCXpresso/workspace/lpc_chip_82x/Debug/liblpc_chip_82x.a(clock_8xx.o)
                0x0000000000001f1c                Chip_Clock_GetSystemPLLInClockRate
 .text.Chip_Clock_GetSystemPLLOutClockRate
                0x0000000000001f6c       0x28 /Users/lszuba/dev/LPCXpresso/workspace/lpc_chip_82x/Debug/liblpc_chip_82x.a(clock_8xx.o)
                0x0000000000001f6c                Chip_Clock_GetSystemPLLOutClockRate
 .text.Chip_Clock_GetMainClockRate
                0x0000000000001f94       0x64 /Users/lszuba/dev/LPCXpresso/workspace/lpc_chip_82x/Debug/liblpc_chip_82x.a(clock_8xx.o)
                0x0000000000001f94                Chip_Clock_GetMainClockRate
 .text.Chip_Clock_GetSystemClockRate
                0x0000000000001ff8       0x28 /Users/lszuba/dev/LPCXpresso/workspace/lpc_chip_82x/Debug/liblpc_chip_82x.a(clock_8xx.o)
                0x0000000000001ff8                Chip_Clock_GetSystemClockRate
 .text.Chip_Clock_GetUSARTNBaseClockRate
                0x0000000000002020       0x84 /Users/lszuba/dev/LPCXpresso/workspace/lpc_chip_82x/Debug/liblpc_chip_82x.a(clock_8xx.o)
                0x0000000000002020                Chip_Clock_GetUSARTNBaseClockRate
 .text.Chip_Clock_SetUSARTNBaseClockRate
                0x00000000000020a4       0x84 /Users/lszuba/dev/LPCXpresso/workspace/lpc_chip_82x/Debug/liblpc_chip_82x.a(clock_8xx.o)
                0x00000000000020a4                Chip_Clock_SetUSARTNBaseClockRate
 .text.Chip_Clock_EnablePeriphClock
                0x0000000000002128       0x38 /Users/lszuba/dev/LPCXpresso/workspace/lpc_chip_82x/Debug/liblpc_chip_82x.a(gpio_8xx.o)
 .text.Chip_GPIO_Init
                0x0000000000002160       0x14 /Users/lszuba/dev/LPCXpresso/workspace/lpc_chip_82x/Debug/liblpc_chip_82x.a(gpio_8xx.o)
                0x0000000000002160                Chip_GPIO_Init
 .text.RingBuffer_GetCount
                0x0000000000002174       0x20 /Users/lszuba/dev/LPCXpresso/workspace/lpc_chip_82x/Debug/liblpc_chip_82x.a(ring_buffer.o)
 .text.RingBuffer_IsFull
                0x0000000000002194       0x2c /Users/lszuba/dev/LPCXpresso/workspace/lpc_chip_82x/Debug/liblpc_chip_82x.a(ring_buffer.o)
 .text.RingBuffer_IsEmpty
                0x00000000000021c0       0x24 /Users/lszuba/dev/LPCXpresso/workspace/lpc_chip_82x/Debug/liblpc_chip_82x.a(ring_buffer.o)
 .text.RingBuffer_Init
                0x00000000000021e4       0x38 /Users/lszuba/dev/LPCXpresso/workspace/lpc_chip_82x/Debug/liblpc_chip_82x.a(ring_buffer.o)
                0x00000000000021e4                RingBuffer_Init
 .text.RingBuffer_Insert
                0x000000000000221c       0x60 /Users/lszuba/dev/LPCXpresso/workspace/lpc_chip_82x/Debug/liblpc_chip_82x.a(ring_buffer.o)
                0x000000000000221c                RingBuffer_Insert
 .text.RingBuffer_PopMult
                0x000000000000227c      0x128 /Users/lszuba/dev/LPCXpresso/workspace/lpc_chip_82x/Debug/liblpc_chip_82x.a(ring_buffer.o)
                0x000000000000227c                RingBuffer_PopMult
 .text.Chip_SYSCTL_AssertPeriphReset
                0x00000000000023a4       0x38 /Users/lszuba/dev/LPCXpresso/workspace/lpc_chip_82x/Debug/liblpc_chip_82x.a(sct_8xx.o)
 .text.Chip_SYSCTL_DeassertPeriphReset
                0x00000000000023dc       0x34 /Users/lszuba/dev/LPCXpresso/workspace/lpc_chip_82x/Debug/liblpc_chip_82x.a(sct_8xx.o)
 .text.Chip_SYSCTL_PeriphReset
                0x0000000000002410       0x28 /Users/lszuba/dev/LPCXpresso/workspace/lpc_chip_82x/Debug/liblpc_chip_82x.a(sct_8xx.o)
 .text.Chip_Clock_EnablePeriphClock
                0x0000000000002438       0x38 /Users/lszuba/dev/LPCXpresso/workspace/lpc_chip_82x/Debug/liblpc_chip_82x.a(sct_8xx.o)
 .text.Chip_SCT_Init
                0x0000000000002470       0x1c /Users/lszuba/dev/LPCXpresso/workspace/lpc_chip_82x/Debug/liblpc_chip_82x.a(sct_8xx.o)
                0x0000000000002470                Chip_SCT_Init
 .text.Chip_SCT_Config
                0x000000000000248c       0x18 /Users/lszuba/dev/LPCXpresso/workspace/lpc_chip_82x/Debug/liblpc_chip_82x.a(sct_pwm_8xx.o)
 .text.Chip_SCT_SetMatchCount
                0x00000000000024a4       0x28 /Users/lszuba/dev/LPCXpresso/workspace/lpc_chip_82x/Debug/liblpc_chip_82x.a(sct_pwm_8xx.o)
 .text.Chip_SCT_SetMatchReload
                0x00000000000024cc       0x28 /Users/lszuba/dev/LPCXpresso/workspace/lpc_chip_82x/Debug/liblpc_chip_82x.a(sct_pwm_8xx.o)
 .text.Chip_SCT_SetControl
                0x00000000000024f4       0x24 /Users/lszuba/dev/LPCXpresso/workspace/lpc_chip_82x/Debug/liblpc_chip_82x.a(sct_pwm_8xx.o)
 .text.Chip_SCTPWM_Stop
                0x0000000000002518       0x30 /Users/lszuba/dev/LPCXpresso/workspace/lpc_chip_82x/Debug/liblpc_chip_82x.a(sct_pwm_8xx.o)
 .text.Chip_SCTPWM_SetOutPin
                0x0000000000002548       0xb4 /Users/lszuba/dev/LPCXpresso/workspace/lpc_chip_82x/Debug/liblpc_chip_82x.a(sct_pwm_8xx.o)
                0x0000000000002548                Chip_SCTPWM_SetOutPin
 .text.Chip_SCTPWM_SetRate
                0x00000000000025fc       0x70 /Users/lszuba/dev/LPCXpresso/workspace/lpc_chip_82x/Debug/liblpc_chip_82x.a(sct_pwm_8xx.o)
                0x00000000000025fc                Chip_SCTPWM_SetRate
 .text.Chip_SWM_MovablePinAssign
                0x000000000000266c       0x60 /Users/lszuba/dev/LPCXpresso/workspace/lpc_chip_82x/Debug/liblpc_chip_82x.a(swm_8xx.o)
                0x000000000000266c                Chip_SWM_MovablePinAssign
 .text.Chip_SYSCTL_PowerDown
                0x00000000000026cc       0x40 /Users/lszuba/dev/LPCXpresso/workspace/lpc_chip_82x/Debug/liblpc_chip_82x.a(syscon_8xx.o)
                0x00000000000026cc                Chip_SYSCTL_PowerDown
 .text.Chip_SYSCTL_PowerUp
                0x000000000000270c       0x44 /Users/lszuba/dev/LPCXpresso/workspace/lpc_chip_82x/Debug/liblpc_chip_82x.a(syscon_8xx.o)
                0x000000000000270c                Chip_SYSCTL_PowerUp
 .text.Chip_Clock_SetupSystemPLL
                0x0000000000002750       0x34 /Users/lszuba/dev/LPCXpresso/workspace/lpc_chip_82x/Debug/liblpc_chip_82x.a(sysinit_8xx.o)
 .text.Chip_Clock_IsSystemPLLLocked
                0x0000000000002784       0x1c /Users/lszuba/dev/LPCXpresso/workspace/lpc_chip_82x/Debug/liblpc_chip_82x.a(sysinit_8xx.o)
 .text.Chip_Clock_SetSysClockDiv
                0x00000000000027a0       0x18 /Users/lszuba/dev/LPCXpresso/workspace/lpc_chip_82x/Debug/liblpc_chip_82x.a(sysinit_8xx.o)
 .text.Chip_FMC_SetFLASHAccess
                0x00000000000027b8       0x2c /Users/lszuba/dev/LPCXpresso/workspace/lpc_chip_82x/Debug/liblpc_chip_82x.a(sysinit_8xx.o)
 .text.Chip_SetupIrcClocking
                0x00000000000027e4       0x50 /Users/lszuba/dev/LPCXpresso/workspace/lpc_chip_82x/Debug/liblpc_chip_82x.a(sysinit_8xx.o)
                0x00000000000027e4                Chip_SetupIrcClocking
 .text.Chip_SYSCTL_AssertPeriphReset
                0x0000000000002834       0x38 /Users/lszuba/dev/LPCXpresso/workspace/lpc_chip_82x/Debug/liblpc_chip_82x.a(uart_8xx.o)
 .text.Chip_SYSCTL_DeassertPeriphReset
                0x000000000000286c       0x34 /Users/lszuba/dev/LPCXpresso/workspace/lpc_chip_82x/Debug/liblpc_chip_82x.a(uart_8xx.o)
 .text.Chip_SYSCTL_PeriphReset
                0x00000000000028a0       0x28 /Users/lszuba/dev/LPCXpresso/workspace/lpc_chip_82x/Debug/liblpc_chip_82x.a(uart_8xx.o)
 .text.Chip_Clock_EnablePeriphClock
                0x00000000000028c8       0x38 /Users/lszuba/dev/LPCXpresso/workspace/lpc_chip_82x/Debug/liblpc_chip_82x.a(uart_8xx.o)
 .text.Chip_UART_SendByte
                0x0000000000002900       0x1c /Users/lszuba/dev/LPCXpresso/workspace/lpc_chip_82x/Debug/liblpc_chip_82x.a(uart_8xx.o)
 .text.Chip_UART_ReadByte
                0x000000000000291c       0x18 /Users/lszuba/dev/LPCXpresso/workspace/lpc_chip_82x/Debug/liblpc_chip_82x.a(uart_8xx.o)
 .text.Chip_UART_GetStatus
                0x0000000000002934       0x1c /Users/lszuba/dev/LPCXpresso/workspace/lpc_chip_82x/Debug/liblpc_chip_82x.a(uart_8xx.o)
 .text.getUARTClockID
                0x0000000000002950       0x34 /Users/lszuba/dev/LPCXpresso/workspace/lpc_chip_82x/Debug/liblpc_chip_82x.a(uart_8xx.o)
 .text.Chip_UART_Init
                0x0000000000002984       0x4c /Users/lszuba/dev/LPCXpresso/workspace/lpc_chip_82x/Debug/liblpc_chip_82x.a(uart_8xx.o)
                0x0000000000002984                Chip_UART_Init
 .text.Chip_UART_Send
                0x00000000000029d0       0x54 /Users/lszuba/dev/LPCXpresso/workspace/lpc_chip_82x/Debug/liblpc_chip_82x.a(uart_8xx.o)
                0x00000000000029d0                Chip_UART_Send
 .text.Chip_UART_SendBlocking
                0x0000000000002a24       0x54 /Users/lszuba/dev/LPCXpresso/workspace/lpc_chip_82x/Debug/liblpc_chip_82x.a(uart_8xx.o)
                0x0000000000002a24                Chip_UART_SendBlocking
 .text.Chip_UART_SetBaud
                0x0000000000002a78       0x30 /Users/lszuba/dev/LPCXpresso/workspace/lpc_chip_82x/Debug/liblpc_chip_82x.a(uart_8xx.o)
                0x0000000000002a78                Chip_UART_SetBaud
 .text.Chip_UART_RXIntHandlerRB
                0x0000000000002aa8       0x44 /Users/lszuba/dev/LPCXpresso/workspace/lpc_chip_82x/Debug/liblpc_chip_82x.a(uart_8xx.o)
                0x0000000000002aa8                Chip_UART_RXIntHandlerRB
 .text.Chip_UART_ReadRB
                0x0000000000002aec       0x28 /Users/lszuba/dev/LPCXpresso/workspace/lpc_chip_82x/Debug/liblpc_chip_82x.a(uart_8xx.o)
                0x0000000000002aec                Chip_UART_ReadRB
 .text.__main   0x0000000000002b14       0x12 /Applications/lpcxpresso_7.6.2_326/lpcxpresso/tools/bin/../lib/gcc/arm-none-eabi/4.9.3/../../../../arm-none-eabi/lib/armv6-m/libcr_nohost.a(_cr__main.o)
                0x0000000000002b14                __main
 .text.memcpy   0x0000000000002b26        0x8 /Applications/lpcxpresso_7.6.2_326/lpcxpresso/tools/bin/../lib/gcc/arm-none-eabi/4.9.3/../../../../arm-none-eabi/lib/armv6-m/libcr_c.a(memcpy.o)
                0x0000000000002b26                memcpy
 .text.fp_round
                0x0000000000002b2e       0x48 /Applications/lpcxpresso_7.6.2_326/lpcxpresso/tools/bin/../lib/gcc/arm-none-eabi/4.9.3/../../../../arm-none-eabi/lib/armv6-m/libcr_c.a(fpprintf.o)
 .text.pr_dec.constprop.1
                0x0000000000002b76       0x28 /Applications/lpcxpresso_7.6.2_326/lpcxpresso/tools/bin/../lib/gcc/arm-none-eabi/4.9.3/../../../../arm-none-eabi/lib/armv6-m/libcr_c.a(fpprintf.o)
 *fill*         0x0000000000002b9e        0x2 
 .text.sprintf  0x0000000000002ba0       0x6c /Applications/lpcxpresso_7.6.2_326/lpcxpresso/tools/bin/../lib/gcc/arm-none-eabi/4.9.3/../../../../arm-none-eabi/lib/armv6-m/libcr_c.a(fpprintf.o)
                0x0000000000002ba0                sprintf
 .text.fp_display
                0x0000000000002c0c      0x958 /Applications/lpcxpresso_7.6.2_326/lpcxpresso/tools/bin/../lib/gcc/arm-none-eabi/4.9.3/../../../../arm-none-eabi/lib/armv6-m/libcr_c.a(fpprintf.o)
 .text.vsnprintf
                0x0000000000003564       0x60 /Applications/lpcxpresso_7.6.2_326/lpcxpresso/tools/bin/../lib/gcc/arm-none-eabi/4.9.3/../../../../arm-none-eabi/lib/armv6-m/libcr_c.a(fpprintf.o)
                0x0000000000003564                vsnprintf
 .text.printf   0x00000000000035c4       0x50 /Applications/lpcxpresso_7.6.2_326/lpcxpresso/tools/bin/../lib/gcc/arm-none-eabi/4.9.3/../../../../arm-none-eabi/lib/armv6-m/libcr_c.a(fpprintf.o)
                0x00000000000035c4                printf
 .text._initio  0x0000000000003614       0xa8 /Applications/lpcxpresso_7.6.2_326/lpcxpresso/tools/bin/../lib/gcc/arm-none-eabi/4.9.3/../../../../arm-none-eabi/lib/armv6-m/libcr_c.a(initio.o)
                0x0000000000003614                _initio
 .text.__vfprintf
                0x00000000000036bc      0xd48 /Applications/lpcxpresso_7.6.2_326/lpcxpresso/tools/bin/../lib/gcc/arm-none-eabi/4.9.3/../../../../arm-none-eabi/lib/armv6-m/libcr_c.a(printf.o)
                0x00000000000036bc                __vfprintf
 .text.setvbuf  0x0000000000004404       0x48 /Applications/lpcxpresso_7.6.2_326/lpcxpresso/tools/bin/../lib/gcc/arm-none-eabi/4.9.3/../../../../arm-none-eabi/lib/armv6-m/libcr_c.a(setvbuf.o)
                0x0000000000004404                setvbuf
 .text.strlen   0x000000000000444c       0x54 /Applications/lpcxpresso_7.6.2_326/lpcxpresso/tools/bin/../lib/gcc/arm-none-eabi/4.9.3/../../../../arm-none-eabi/lib/armv6-m/libcr_c.a(strlen.o)
                0x000000000000444c                strlen
 .text.memset   0x00000000000044a0        0x8 /Applications/lpcxpresso_7.6.2_326/lpcxpresso/tools/bin/../lib/gcc/arm-none-eabi/4.9.3/../../../../arm-none-eabi/lib/armv6-m/libcr_c.a(memset.o)
                0x00000000000044a0                memset
 .text._deferredlazyseek
                0x00000000000044a8       0x44 /Applications/lpcxpresso_7.6.2_326/lpcxpresso/tools/bin/../lib/gcc/arm-none-eabi/4.9.3/../../../../arm-none-eabi/lib/armv6-m/libcr_c.a(_deferredlazyseek.o)
                0x00000000000044a8                _deferredlazyseek
 .text.__flsbuf
                0x00000000000044ec      0x150 /Applications/lpcxpresso_7.6.2_326/lpcxpresso/tools/bin/../lib/gcc/arm-none-eabi/4.9.3/../../../../arm-none-eabi/lib/armv6-m/libcr_c.a(_deferredlazyseek.o)
                0x00000000000044ec                __flsbuf
 .text._fdopen  0x000000000000463c       0x68 /Applications/lpcxpresso_7.6.2_326/lpcxpresso/tools/bin/../lib/gcc/arm-none-eabi/4.9.3/../../../../arm-none-eabi/lib/armv6-m/libcr_c.a(_fdopen.o)
                0x000000000000463c                _fdopen
 .text._fflush  0x00000000000046a4       0x64 /Applications/lpcxpresso_7.6.2_326/lpcxpresso/tools/bin/../lib/gcc/arm-none-eabi/4.9.3/../../../../arm-none-eabi/lib/armv6-m/libcr_c.a(_fflush.o)
                0x00000000000046a4                _fflush
 .text._frexpl  0x0000000000004708       0x84 /Applications/lpcxpresso_7.6.2_326/lpcxpresso/tools/bin/../lib/gcc/arm-none-eabi/4.9.3/../../../../arm-none-eabi/lib/armv6-m/libcr_c.a(_frexpl.o)
                0x0000000000004708                _frexpl
 .text._ldexpl  0x000000000000478c       0x58 /Applications/lpcxpresso_7.6.2_326/lpcxpresso/tools/bin/../lib/gcc/arm-none-eabi/4.9.3/../../../../arm-none-eabi/lib/armv6-m/libcr_c.a(_ldexpl.o)
                0x000000000000478c                _ldexpl
 .text._Cwritebuf
                0x00000000000047e4       0x6c /Applications/lpcxpresso_7.6.2_326/lpcxpresso/tools/bin/../lib/gcc/arm-none-eabi/4.9.3/../../../../arm-none-eabi/lib/armv6-m/libcr_c.a(_writebuf.o)
                0x00000000000047e4                _Cwritebuf
 .text.malloc   0x0000000000004850       0xcc /Applications/lpcxpresso_7.6.2_326/lpcxpresso/tools/bin/../lib/gcc/arm-none-eabi/4.9.3/../../../../arm-none-eabi/lib/armv6-m/libcr_c.a(alloc.o)
                0x0000000000004850                malloc
 .text.free     0x000000000000491c       0x2e /Applications/lpcxpresso_7.6.2_326/lpcxpresso/tools/bin/../lib/gcc/arm-none-eabi/4.9.3/../../../../arm-none-eabi/lib/armv6-m/libcr_c.a(alloc.o)
                0x000000000000491c                free
 *fill*         0x000000000000494a        0x2 
 .text._Csys_alloc
                0x000000000000494c       0x20 /Applications/lpcxpresso_7.6.2_326/lpcxpresso/tools/bin/../lib/gcc/arm-none-eabi/4.9.3/../../../../arm-none-eabi/lib/armv6-m/libcr_c.a(alloc.o)
                0x000000000000494c                _Csys_alloc
 .text.fclose   0x000000000000496c       0x70 /Applications/lpcxpresso_7.6.2_326/lpcxpresso/tools/bin/../lib/gcc/arm-none-eabi/4.9.3/../../../../arm-none-eabi/lib/armv6-m/libcr_c.a(fclose.o)
                0x000000000000496c                fclose
 .text.fflush   0x00000000000049dc       0x34 /Applications/lpcxpresso_7.6.2_326/lpcxpresso/tools/bin/../lib/gcc/arm-none-eabi/4.9.3/../../../../arm-none-eabi/lib/armv6-m/libcr_c.a(fflush.o)
                0x00000000000049dc                fflush
 .text.fseek    0x0000000000004a10      0x100 /Applications/lpcxpresso_7.6.2_326/lpcxpresso/tools/bin/../lib/gcc/arm-none-eabi/4.9.3/../../../../arm-none-eabi/lib/armv6-m/libcr_c.a(fseek.o)
                0x0000000000004a10                fseek
 .text.ftell    0x0000000000004b10       0x4c /Applications/lpcxpresso_7.6.2_326/lpcxpresso/tools/bin/../lib/gcc/arm-none-eabi/4.9.3/../../../../arm-none-eabi/lib/armv6-m/libcr_c.a(ftell.o)
                0x0000000000004b10                ftell
 .text.remove   0x0000000000004b5c       0x12 /Applications/lpcxpresso_7.6.2_326/lpcxpresso/tools/bin/../lib/gcc/arm-none-eabi/4.9.3/../../../../arm-none-eabi/lib/armv6-m/libcr_c.a(remove.o)
                0x0000000000004b5c                remove
 *fill*         0x0000000000004b6e        0x2 
 .text._sbrk    0x0000000000004b70       0x40 /Applications/lpcxpresso_7.6.2_326/lpcxpresso/tools/bin/../lib/gcc/arm-none-eabi/4.9.3/../../../../arm-none-eabi/lib/armv6-m/libcr_c.a(_cr_sbrk.o)
                0x0000000000004b70                _sbrk
 .text._do_fflush
                0x0000000000004bb0       0x4c /Applications/lpcxpresso_7.6.2_326/lpcxpresso/tools/bin/../lib/gcc/arm-none-eabi/4.9.3/../../../../arm-none-eabi/lib/armv6-m/libcr_c.a(_do_fflush.o)
                0x0000000000004bb0                _do_fflush
 .text.__check_heap_overflow
                0x0000000000004bfc       0x14 /Applications/lpcxpresso_7.6.2_326/lpcxpresso/tools/bin/../lib/gcc/arm-none-eabi/4.9.3/../../../../arm-none-eabi/lib/armv6-m/libcr_c.a(_cr_check_heap.o)
                0x0000000000004bfc                __check_heap_overflow
 .text.__aeabi_division_uldivmod
                0x0000000000004c10       0x5a /Applications/lpcxpresso_7.6.2_326/lpcxpresso/tools/bin/../lib/gcc/arm-none-eabi/4.9.3/armv6-m/libcr_eabihelpers.a(division_64.o)
                0x0000000000004c10                __aeabi_uldivmod
 .text.__aeabi_division_idiv0
                0x0000000000004c6a        0x2 /Applications/lpcxpresso_7.6.2_326/lpcxpresso/tools/bin/../lib/gcc/arm-none-eabi/4.9.3/armv6-m/libcr_eabihelpers.a(division_idiv0.o)
                0x0000000000004c6a                __aeabi_idiv0
 .text.__aeabi_dmul
                0x0000000000004c6c      0x178 /Applications/lpcxpresso_7.6.2_326/lpcxpresso/tools/bin/../lib/gcc/arm-none-eabi/4.9.3/armv6-m/libcr_eabihelpers.a(double.o)
                0x0000000000004c6c                __aeabi_dmul
 .text.__aeabi_ddiv
                0x0000000000004de4      0x150 /Applications/lpcxpresso_7.6.2_326/lpcxpresso/tools/bin/../lib/gcc/arm-none-eabi/4.9.3/armv6-m/libcr_eabihelpers.a(double.o)
                0x0000000000004de4                __aeabi_ddiv
 .text.__aeabi_dsub
                0x0000000000004f34      0x1d8 /Applications/lpcxpresso_7.6.2_326/lpcxpresso/tools/bin/../lib/gcc/arm-none-eabi/4.9.3/armv6-m/libcr_eabihelpers.a(double.o)
                0x0000000000004f34                __aeabi_dsub
 .text.__aeabi_dadd
                0x000000000000510c      0x140 /Applications/lpcxpresso_7.6.2_326/lpcxpresso/tools/bin/../lib/gcc/arm-none-eabi/4.9.3/armv6-m/libcr_eabihelpers.a(double.o)
                0x000000000000510c                __aeabi_dadd
 .text.__aeabi_d2iz
                0x000000000000524c       0x48 /Applications/lpcxpresso_7.6.2_326/lpcxpresso/tools/bin/../lib/gcc/arm-none-eabi/4.9.3/armv6-m/libcr_eabihelpers.a(double.o)
                0x000000000000524c                __aeabi_d2iz
 .text.__bhs_ui2d
                0x0000000000005294       0x5e /Applications/lpcxpresso_7.6.2_326/lpcxpresso/tools/bin/../lib/gcc/arm-none-eabi/4.9.3/armv6-m/libcr_eabihelpers.a(double.o)
                0x0000000000005294                __bhs_ui2d
 .text.__aeabi_i2d
                0x00000000000052f2       0x16 /Applications/lpcxpresso_7.6.2_326/lpcxpresso/tools/bin/../lib/gcc/arm-none-eabi/4.9.3/armv6-m/libcr_eabihelpers.a(double.o)
                0x00000000000052f2                __aeabi_i2d
 .text.__aeabi_dcmpeq
                0x0000000000005308       0x30 /Applications/lpcxpresso_7.6.2_326/lpcxpresso/tools/bin/../lib/gcc/arm-none-eabi/4.9.3/armv6-m/libcr_eabihelpers.a(double.o)
                0x0000000000005308                __aeabi_dcmpeq
 .text.__aeabi_dcmplt
                0x0000000000005338       0x5c /Applications/lpcxpresso_7.6.2_326/lpcxpresso/tools/bin/../lib/gcc/arm-none-eabi/4.9.3/armv6-m/libcr_eabihelpers.a(double.o)
                0x0000000000005338                __aeabi_dcmplt
 .text.__aeabi_dcmple
                0x0000000000005394       0x60 /Applications/lpcxpresso_7.6.2_326/lpcxpresso/tools/bin/../lib/gcc/arm-none-eabi/4.9.3/armv6-m/libcr_eabihelpers.a(double.o)
                0x0000000000005394                __aeabi_dcmple
 .text.__aeabi_dcmpge
                0x00000000000053f4       0x64 /Applications/lpcxpresso_7.6.2_326/lpcxpresso/tools/bin/../lib/gcc/arm-none-eabi/4.9.3/armv6-m/libcr_eabihelpers.a(double.o)
                0x00000000000053f4                __aeabi_dcmpge
 .text.__aeabi_llong_lmul
                0x0000000000005458       0x2e /Applications/lpcxpresso_7.6.2_326/lpcxpresso/tools/bin/../lib/gcc/arm-none-eabi/4.9.3/armv6-m/libcr_eabihelpers.a(llong.o)
                0x0000000000005458                __aeabi_lmul
 .text.__aeabi_memcpy
                0x0000000000005486       0x2c /Applications/lpcxpresso_7.6.2_326/lpcxpresso/tools/bin/../lib/gcc/arm-none-eabi/4.9.3/armv6-m/libcr_eabihelpers.a(memcpy.o)
                0x0000000000005486                __aeabi_memcpy
                0x0000000000005486                __aeabi_memcpy4
                0x0000000000005486                __aeabi_memcpy8
 .text.__aeabi_memset_lowlevel
                0x00000000000054b2       0x2a /Applications/lpcxpresso_7.6.2_326/lpcxpresso/tools/bin/../lib/gcc/arm-none-eabi/4.9.3/armv6-m/libcr_eabihelpers.a(memcpy.o)
                0x00000000000054b2                __aeabi_lowlevel_memset
 .text.__sys_appexit
                0x00000000000054dc        0x2 /Applications/lpcxpresso_7.6.2_326/lpcxpresso/tools/bin/../lib/gcc/arm-none-eabi/4.9.3/../../../../arm-none-eabi/lib/armv6-m/libcr_nohost.a(__sys_appexit.o)
                0x00000000000054dc                __exit
                0x00000000000054dc                __sys_appexit
 .text.__sys_close
                0x00000000000054de        0x6 /Applications/lpcxpresso_7.6.2_326/lpcxpresso/tools/bin/../lib/gcc/arm-none-eabi/4.9.3/../../../../arm-none-eabi/lib/armv6-m/libcr_nohost.a(__sys_close.o)
                0x00000000000054de                __sys_close
 .text.__sys_flen
                0x00000000000054e4        0x6 /Applications/lpcxpresso_7.6.2_326/lpcxpresso/tools/bin/../lib/gcc/arm-none-eabi/4.9.3/../../../../arm-none-eabi/lib/armv6-m/libcr_nohost.a(__sys_flen.o)
                0x00000000000054e4                __sys_flen
 .text.__sys_istty
                0x00000000000054ea        0x6 /Applications/lpcxpresso_7.6.2_326/lpcxpresso/tools/bin/../lib/gcc/arm-none-eabi/4.9.3/../../../../arm-none-eabi/lib/armv6-m/libcr_nohost.a(__sys_istty.o)
                0x00000000000054ea                __sys_istty
 .text.__sys_remove
                0x00000000000054f0        0x6 /Applications/lpcxpresso_7.6.2_326/lpcxpresso/tools/bin/../lib/gcc/arm-none-eabi/4.9.3/../../../../arm-none-eabi/lib/armv6-m/libcr_nohost.a(__sys_remove.o)
                0x00000000000054f0                __sys_remove
 .text.__sys_seek
                0x00000000000054f6        0x6 /Applications/lpcxpresso_7.6.2_326/lpcxpresso/tools/bin/../lib/gcc/arm-none-eabi/4.9.3/../../../../arm-none-eabi/lib/armv6-m/libcr_nohost.a(__sys_seek.o)
                0x00000000000054f6                __sys_seek
 .text.__sys_tmpnam
                0x00000000000054fc        0x6 /Applications/lpcxpresso_7.6.2_326/lpcxpresso/tools/bin/../lib/gcc/arm-none-eabi/4.9.3/../../../../arm-none-eabi/lib/armv6-m/libcr_nohost.a(__sys_tmpnam.o)
                0x00000000000054fc                __sys_tmpnam
 *(.rodata .rodata.* .constdata .constdata.*)
 *fill*         0x0000000000005502        0x2 
 .rodata.inst1  0x0000000000005504       0x10 ./src/test_1.o
                0x0000000000005504                inst1
 .rodata.my_outputs
                0x0000000000005514        0xc ./src/test_1.o
                0x0000000000005514                my_outputs
 .rodata.process_input
                0x0000000000005520       0x20 ./src/test_1.o
 .rodata.interpret_packet
                0x0000000000005540       0x4c ./src/test_1.o
 .rodata        0x000000000000558c       0xd8 ./src/test_1.o
 .rodata.ledBits
                0x0000000000005664        0x4 /Users/lszuba/dev/LPCXpresso/workspace/lpc_board_nxp_lpcxpresso_824/Debug/liblpc_board_nxp_lpcxpresso_824.a(board.o)
 .rodata.OscRateIn
                0x0000000000005668        0x4 /Users/lszuba/dev/LPCXpresso/workspace/lpc_board_nxp_lpcxpresso_824/Debug/liblpc_board_nxp_lpcxpresso_824.a(board.o)
                0x0000000000005668                OscRateIn
 .rodata.ExtRateIn
                0x000000000000566c        0x4 /Users/lszuba/dev/LPCXpresso/workspace/lpc_board_nxp_lpcxpresso_824/Debug/liblpc_board_nxp_lpcxpresso_824.a(board.o)
                0x000000000000566c                ExtRateIn
 .rodata.wdtOSCRate
                0x0000000000005670       0x40 /Users/lszuba/dev/LPCXpresso/workspace/lpc_chip_82x/Debug/liblpc_chip_82x.a(clock_8xx.o)
 .rodata.str1.1
                0x00000000000056b0       0x34 /Applications/lpcxpresso_7.6.2_326/lpcxpresso/tools/bin/../lib/gcc/arm-none-eabi/4.9.3/../../../../arm-none-eabi/lib/armv6-m/libcr_c.a(fpprintf.o)
                                         0x35 (size before relaxing)
 .rodata.str1.1
                0x00000000000056e4        0x4 /Applications/lpcxpresso_7.6.2_326/lpcxpresso/tools/bin/../lib/gcc/arm-none-eabi/4.9.3/../../../../arm-none-eabi/lib/armv6-m/libcr_c.a(initio.o)
 .rodata.str1.1
                0x00000000000056e8       0x31 /Applications/lpcxpresso_7.6.2_326/lpcxpresso/tools/bin/../lib/gcc/arm-none-eabi/4.9.3/../../../../arm-none-eabi/lib/armv6-m/libcr_c.a(printf.o)
                                         0x38 (size before relaxing)
 .rodata.str1.1
                0x0000000000005719       0x18 /Applications/lpcxpresso_7.6.2_326/lpcxpresso/tools/bin/../lib/gcc/arm-none-eabi/4.9.3/../../../../arm-none-eabi/lib/armv6-m/libcr_c.a(alloc.o)
 *fill*         0x0000000000005731        0x7 
 .rodata.__huge_vall
                0x0000000000005738        0x8 /Applications/lpcxpresso_7.6.2_326/lpcxpresso/tools/bin/../lib/gcc/arm-none-eabi/4.9.3/../../../../arm-none-eabi/lib/armv6-m/libcr_c.a(_hugeval.o)
                0x0000000000005738                __huge_vall
                0x0000000000005740                . = ALIGN (0x4)

.glue_7         0x0000000000005740        0x0
 .glue_7        0x0000000000000000        0x0 linker stubs

.glue_7t        0x0000000000005740        0x0
 .glue_7t       0x0000000000000000        0x0 linker stubs

.vfp11_veneer   0x0000000000005740        0x0
 .vfp11_veneer  0x0000000000000000        0x0 linker stubs

.v4_bx          0x0000000000005740        0x0
 .v4_bx         0x0000000000000000        0x0 linker stubs

.iplt           0x0000000000005740        0x0
 .iplt          0x0000000000000000        0x0 ./src/aeabi_romdiv_patch.o

.rel.dyn        0x0000000000005740        0x0
 .rel.iplt      0x0000000000000000        0x0 ./src/aeabi_romdiv_patch.o

.ARM.extab
 *(.ARM.extab* .gnu.linkonce.armextab.*)
                0x0000000000005740                __exidx_start = .

.ARM.exidx
 *(.ARM.exidx* .gnu.linkonce.armexidx.*)
                0x0000000000005740                __exidx_end = .
                0x0000000000005740                _etext = .

.mtb_buffer_default
                0x0000000010000000      0x100
 *(.mtb*)
 .mtb.$RAM1     0x0000000010000000      0x100 ./src/mtb.o
                0x0000000010000000                __mtb_buffer__

.uninit_RESERVED
                0x0000000010000100        0x0
 *(.bss.$RESERVED*)
                0x0000000010000100                . = ALIGN (0x4)
                0x0000000010000100                _end_uninit_RESERVED = .

.data           0x0000000010000100       0xdc load address 0x0000000000005740
 FILL mask 0xff
                0x0000000010000100                _data = .
 *(vtable)
 *(.ramfunc*)
 *(.data*)
 .data.filter_taps
                0x0000000010000100       0x7c ./src/fir.o
 .data.bufferA  0x000000001000017c        0xc ./src/init.o
                0x000000001000017c                bufferA
 .data.bufferB  0x0000000010000188        0xc ./src/init.o
                0x0000000010000188                bufferB
 *fill*         0x0000000010000194        0xc 
 .data.dmaDescChan
                0x00000000100001a0       0x10 ./src/init.o
 .data.dmaDescA
                0x00000000100001b0       0x10 ./src/init.o
 .data.dmaDescB
                0x00000000100001c0       0x10 ./src/init.o
 .data.bufferComplete
                0x00000000100001d0        0x4 ./src/test_1.o
 .data.gain.7170
                0x00000000100001d4        0x4 ./src/test_1.o
 .data.minSig.7175
                0x00000000100001d8        0x4 ./src/test_1.o
                0x00000000100001dc                . = ALIGN (0x4)
                0x00000000100001dc                _edata = .

.igot.plt       0x00000000100001dc        0x0 load address 0x000000000000581c
 .igot.plt      0x0000000000000000        0x0 ./src/aeabi_romdiv_patch.o

.bss            0x0000000010000200      0x86c load address 0x000000000000581c
                0x0000000010000200                _bss = .
 *(.bss*)
 .bss.rxring    0x0000000010000200       0x14 ./src/test_1.o
 .bss.rxbuff    0x0000000010000214       0x40 ./src/test_1.o
 .bss.transferComplete
                0x0000000010000254        0x1 ./src/test_1.o
 *fill*         0x0000000010000255        0x3 
 .bss.firFilter
                0x0000000010000258       0x80 ./src/test_1.o
 .bss.powerBuffer
                0x00000000100002d8       0x90 ./src/test_1.o
 .bss.rx_packet.7173
                0x0000000010000368        0xc ./src/test_1.o
 .bss.maxSig.7174
                0x0000000010000374        0x4 ./src/test_1.o
 .bss.accumDutyCycle.7171
                0x0000000010000378        0x4 ./src/test_1.o
 .bss.sampleCount.7172
                0x000000001000037c        0x4 ./src/test_1.o
 .bss.state.7188
                0x0000000010000380        0x1 ./src/test_1.o
 *fill*         0x0000000010000381        0x3 
 .bss.count.7247
                0x0000000010000384        0x4 ./src/test_1.o
 .bss.errno     0x0000000010000388        0x4 /Applications/lpcxpresso_7.6.2_326/lpcxpresso/tools/bin/../lib/gcc/arm-none-eabi/4.9.3/../../../../arm-none-eabi/lib/armv6-m/libcr_c.a(errno.o)
                0x0000000010000388                errno
 *(COMMON)
 COMMON         0x000000001000038c        0x8 ./src/cr_startup_lpc82x.o
                0x000000001000038c                pDivRom_uidiv
                0x0000000010000390                pDivRom_idiv
 COMMON         0x0000000010000394      0x400 ./src/init.o
                0x0000000010000394                dmaBuffA
                0x0000000010000594                dmaBuffB
 COMMON         0x0000000010000794       0x18 ./src/test_1.o
                0x0000000010000794                my_beatgates
                0x00000000100007a0                my_colours
 COMMON         0x00000000100007ac        0x4 /Users/lszuba/dev/LPCXpresso/workspace/lpc_chip_82x/Debug/liblpc_chip_82x.a(chip_8xx.o)
                0x00000000100007ac                SystemCoreClock
 *fill*         0x00000000100007b0       0x50 
 COMMON         0x0000000010000800      0x120 /Users/lszuba/dev/LPCXpresso/workspace/lpc_chip_82x/Debug/liblpc_chip_82x.a(dma_8xx.o)
                0x0000000010000800                Chip_DMA_Table
 COMMON         0x0000000010000920        0x4 /Applications/lpcxpresso_7.6.2_326/lpcxpresso/tools/bin/../lib/gcc/arm-none-eabi/4.9.3/../../../../arm-none-eabi/lib/armv6-m/libcr_c.a(initio.o)
                0x0000000010000920                _extra
 COMMON         0x0000000010000924      0x140 /Applications/lpcxpresso_7.6.2_326/lpcxpresso/tools/bin/../lib/gcc/arm-none-eabi/4.9.3/../../../../arm-none-eabi/lib/armv6-m/libcr_c.a(stdio.o)
                0x0000000010000924                __Ciob
 COMMON         0x0000000010000a64        0x8 /Applications/lpcxpresso_7.6.2_326/lpcxpresso/tools/bin/../lib/gcc/arm-none-eabi/4.9.3/../../../../arm-none-eabi/lib/armv6-m/libcr_c.a(__init_alloc.o)
                0x0000000010000a64                __heaps
                0x0000000010000a68                __end_of_heap
                0x0000000010000a6c                . = ALIGN (0x4)
                0x0000000010000a6c                _ebss = .
                0x0000000010000a6c                PROVIDE (end, .)

.noinit         0x0000000010000a6c        0x0 load address 0x000000000000581c
                0x0000000010000a6c                _noinit = .
 *(.noinit*)
                0x0000000010000a6c                . = ALIGN (0x4)
                0x0000000010000a6c                _end_noinit = .
                0x0000000010000a6c                PROVIDE (_pvHeapStart, DEFINED (__user_heap_base)?__user_heap_base:.)
                0x0000000010002000                PROVIDE (_vStackTop, DEFINED (__user_stack_top)?__user_stack_top:(__top_RamLoc8 - 0x0))
OUTPUT(test_1.axf elf32-littlearm)

.ARM.attributes
                0x0000000000000000       0x2d
 .ARM.attributes
                0x0000000000000000       0x21 ./src/aeabi_romdiv_patch.o
 .ARM.attributes
                0x0000000000000021       0x31 ./src/avg_buffer.o
 .ARM.attributes
                0x0000000000000052       0x31 ./src/cr_startup_lpc82x.o
 .ARM.attributes
                0x0000000000000083       0x31 ./src/crp.o
 .ARM.attributes
                0x00000000000000b4       0x31 ./src/fir.o
 .ARM.attributes
                0x00000000000000e5       0x31 ./src/init.o
 .ARM.attributes
                0x0000000000000116       0x31 ./src/mtb.o
 .ARM.attributes
                0x0000000000000147       0x31 ./src/power_avg.o
 .ARM.attributes
                0x0000000000000178       0x31 ./src/sysinit.o
 .ARM.attributes
                0x00000000000001a9       0x31 ./src/test_1.o
 .ARM.attributes
                0x00000000000001da       0x31 /Users/lszuba/dev/LPCXpresso/workspace/lpc_board_nxp_lpcxpresso_824/Debug/liblpc_board_nxp_lpcxpresso_824.a(board.o)
 .ARM.attributes
                0x000000000000020b       0x31 /Users/lszuba/dev/LPCXpresso/workspace/lpc_board_nxp_lpcxpresso_824/Debug/liblpc_board_nxp_lpcxpresso_824.a(board_sysinit.o)
 .ARM.attributes
                0x000000000000023c       0x31 /Users/lszuba/dev/LPCXpresso/workspace/lpc_chip_82x/Debug/liblpc_chip_82x.a(adc_8xx.o)
 .ARM.attributes
                0x000000000000026d       0x31 /Users/lszuba/dev/LPCXpresso/workspace/lpc_chip_82x/Debug/liblpc_chip_82x.a(chip_8xx.o)
 .ARM.attributes
                0x000000000000029e       0x31 /Users/lszuba/dev/LPCXpresso/workspace/lpc_chip_82x/Debug/liblpc_chip_82x.a(clock_8xx.o)
 .ARM.attributes
                0x00000000000002cf       0x31 /Users/lszuba/dev/LPCXpresso/workspace/lpc_chip_82x/Debug/liblpc_chip_82x.a(dma_8xx.o)
 .ARM.attributes
                0x0000000000000300       0x31 /Users/lszuba/dev/LPCXpresso/workspace/lpc_chip_82x/Debug/liblpc_chip_82x.a(gpio_8xx.o)
 .ARM.attributes
                0x0000000000000331       0x31 /Users/lszuba/dev/LPCXpresso/workspace/lpc_chip_82x/Debug/liblpc_chip_82x.a(ring_buffer.o)
 .ARM.attributes
                0x0000000000000362       0x31 /Users/lszuba/dev/LPCXpresso/workspace/lpc_chip_82x/Debug/liblpc_chip_82x.a(sct_8xx.o)
 .ARM.attributes
                0x0000000000000393       0x31 /Users/lszuba/dev/LPCXpresso/workspace/lpc_chip_82x/Debug/liblpc_chip_82x.a(sct_pwm_8xx.o)
 .ARM.attributes
                0x00000000000003c4       0x31 /Users/lszuba/dev/LPCXpresso/workspace/lpc_chip_82x/Debug/liblpc_chip_82x.a(swm_8xx.o)
 .ARM.attributes
                0x00000000000003f5       0x31 /Users/lszuba/dev/LPCXpresso/workspace/lpc_chip_82x/Debug/liblpc_chip_82x.a(syscon_8xx.o)
 .ARM.attributes
                0x0000000000000426       0x31 /Users/lszuba/dev/LPCXpresso/workspace/lpc_chip_82x/Debug/liblpc_chip_82x.a(sysinit_8xx.o)
 .ARM.attributes
                0x0000000000000457       0x31 /Users/lszuba/dev/LPCXpresso/workspace/lpc_chip_82x/Debug/liblpc_chip_82x.a(uart_8xx.o)
 .ARM.attributes
                0x0000000000000488       0x31 /Applications/lpcxpresso_7.6.2_326/lpcxpresso/tools/bin/../lib/gcc/arm-none-eabi/4.9.3/../../../../arm-none-eabi/lib/armv6-m/libcr_nohost.a(_cr__main.o)
 .ARM.attributes
                0x00000000000004b9       0x31 /Applications/lpcxpresso_7.6.2_326/lpcxpresso/tools/bin/../lib/gcc/arm-none-eabi/4.9.3/../../../../arm-none-eabi/lib/armv6-m/libcr_c.a(memcpy.o)
 .ARM.attributes
                0x00000000000004ea       0x31 /Applications/lpcxpresso_7.6.2_326/lpcxpresso/tools/bin/../lib/gcc/arm-none-eabi/4.9.3/../../../../arm-none-eabi/lib/armv6-m/libcr_c.a(fpprintf.o)
 .ARM.attributes
                0x000000000000051b       0x31 /Applications/lpcxpresso_7.6.2_326/lpcxpresso/tools/bin/../lib/gcc/arm-none-eabi/4.9.3/../../../../arm-none-eabi/lib/armv6-m/libcr_c.a(initio.o)
 .ARM.attributes
                0x000000000000054c       0x31 /Applications/lpcxpresso_7.6.2_326/lpcxpresso/tools/bin/../lib/gcc/arm-none-eabi/4.9.3/../../../../arm-none-eabi/lib/armv6-m/libcr_c.a(printf.o)
 .ARM.attributes
                0x000000000000057d       0x31 /Applications/lpcxpresso_7.6.2_326/lpcxpresso/tools/bin/../lib/gcc/arm-none-eabi/4.9.3/../../../../arm-none-eabi/lib/armv6-m/libcr_c.a(setvbuf.o)
 .ARM.attributes
                0x00000000000005ae       0x31 /Applications/lpcxpresso_7.6.2_326/lpcxpresso/tools/bin/../lib/gcc/arm-none-eabi/4.9.3/../../../../arm-none-eabi/lib/armv6-m/libcr_c.a(stdio.o)
 .ARM.attributes
                0x00000000000005df       0x31 /Applications/lpcxpresso_7.6.2_326/lpcxpresso/tools/bin/../lib/gcc/arm-none-eabi/4.9.3/../../../../arm-none-eabi/lib/armv6-m/libcr_c.a(strlen.o)
 .ARM.attributes
                0x0000000000000610       0x31 /Applications/lpcxpresso_7.6.2_326/lpcxpresso/tools/bin/../lib/gcc/arm-none-eabi/4.9.3/../../../../arm-none-eabi/lib/armv6-m/libcr_c.a(memset.o)
 .ARM.attributes
                0x0000000000000641       0x31 /Applications/lpcxpresso_7.6.2_326/lpcxpresso/tools/bin/../lib/gcc/arm-none-eabi/4.9.3/../../../../arm-none-eabi/lib/armv6-m/libcr_c.a(_deferredlazyseek.o)
 .ARM.attributes
                0x0000000000000672       0x31 /Applications/lpcxpresso_7.6.2_326/lpcxpresso/tools/bin/../lib/gcc/arm-none-eabi/4.9.3/../../../../arm-none-eabi/lib/armv6-m/libcr_c.a(_fdopen.o)
 .ARM.attributes
                0x00000000000006a3       0x31 /Applications/lpcxpresso_7.6.2_326/lpcxpresso/tools/bin/../lib/gcc/arm-none-eabi/4.9.3/../../../../arm-none-eabi/lib/armv6-m/libcr_c.a(_fflush.o)
 .ARM.attributes
                0x00000000000006d4       0x31 /Applications/lpcxpresso_7.6.2_326/lpcxpresso/tools/bin/../lib/gcc/arm-none-eabi/4.9.3/../../../../arm-none-eabi/lib/armv6-m/libcr_c.a(_frexpl.o)
 .ARM.attributes
                0x0000000000000705       0x31 /Applications/lpcxpresso_7.6.2_326/lpcxpresso/tools/bin/../lib/gcc/arm-none-eabi/4.9.3/../../../../arm-none-eabi/lib/armv6-m/libcr_c.a(_ldexpl.o)
 .ARM.attributes
                0x0000000000000736       0x31 /Applications/lpcxpresso_7.6.2_326/lpcxpresso/tools/bin/../lib/gcc/arm-none-eabi/4.9.3/../../../../arm-none-eabi/lib/armv6-m/libcr_c.a(_writebuf.o)
 .ARM.attributes
                0x0000000000000767       0x31 /Applications/lpcxpresso_7.6.2_326/lpcxpresso/tools/bin/../lib/gcc/arm-none-eabi/4.9.3/../../../../arm-none-eabi/lib/armv6-m/libcr_c.a(alloc.o)
 .ARM.attributes
                0x0000000000000798       0x31 /Applications/lpcxpresso_7.6.2_326/lpcxpresso/tools/bin/../lib/gcc/arm-none-eabi/4.9.3/../../../../arm-none-eabi/lib/armv6-m/libcr_c.a(errno.o)
 .ARM.attributes
                0x00000000000007c9       0x31 /Applications/lpcxpresso_7.6.2_326/lpcxpresso/tools/bin/../lib/gcc/arm-none-eabi/4.9.3/../../../../arm-none-eabi/lib/armv6-m/libcr_c.a(fclose.o)
 .ARM.attributes
                0x00000000000007fa       0x31 /Applications/lpcxpresso_7.6.2_326/lpcxpresso/tools/bin/../lib/gcc/arm-none-eabi/4.9.3/../../../../arm-none-eabi/lib/armv6-m/libcr_c.a(fflush.o)
 .ARM.attributes
                0x000000000000082b       0x31 /Applications/lpcxpresso_7.6.2_326/lpcxpresso/tools/bin/../lib/gcc/arm-none-eabi/4.9.3/../../../../arm-none-eabi/lib/armv6-m/libcr_c.a(fseek.o)
 .ARM.attributes
                0x000000000000085c       0x31 /Applications/lpcxpresso_7.6.2_326/lpcxpresso/tools/bin/../lib/gcc/arm-none-eabi/4.9.3/../../../../arm-none-eabi/lib/armv6-m/libcr_c.a(ftell.o)
 .ARM.attributes
                0x000000000000088d       0x31 /Applications/lpcxpresso_7.6.2_326/lpcxpresso/tools/bin/../lib/gcc/arm-none-eabi/4.9.3/../../../../arm-none-eabi/lib/armv6-m/libcr_c.a(remove.o)
 .ARM.attributes
                0x00000000000008be       0x31 /Applications/lpcxpresso_7.6.2_326/lpcxpresso/tools/bin/../lib/gcc/arm-none-eabi/4.9.3/../../../../arm-none-eabi/lib/armv6-m/libcr_c.a(__init_alloc.o)
 .ARM.attributes
                0x00000000000008ef       0x31 /Applications/lpcxpresso_7.6.2_326/lpcxpresso/tools/bin/../lib/gcc/arm-none-eabi/4.9.3/../../../../arm-none-eabi/lib/armv6-m/libcr_c.a(_cr_sbrk.o)
 .ARM.attributes
                0x0000000000000920       0x31 /Applications/lpcxpresso_7.6.2_326/lpcxpresso/tools/bin/../lib/gcc/arm-none-eabi/4.9.3/../../../../arm-none-eabi/lib/armv6-m/libcr_c.a(_do_fflush.o)
 .ARM.attributes
                0x0000000000000951       0x31 /Applications/lpcxpresso_7.6.2_326/lpcxpresso/tools/bin/../lib/gcc/arm-none-eabi/4.9.3/../../../../arm-none-eabi/lib/armv6-m/libcr_c.a(_hugeval.o)
 .ARM.attributes
                0x0000000000000982       0x31 /Applications/lpcxpresso_7.6.2_326/lpcxpresso/tools/bin/../lib/gcc/arm-none-eabi/4.9.3/../../../../arm-none-eabi/lib/armv6-m/libcr_c.a(_cr_check_heap.o)
 .ARM.attributes
                0x00000000000009b3       0x21 /Applications/lpcxpresso_7.6.2_326/lpcxpresso/tools/bin/../lib/gcc/arm-none-eabi/4.9.3/armv6-m/libcr_eabihelpers.a(division_64.o)
 .ARM.attributes
                0x00000000000009d4       0x21 /Applications/lpcxpresso_7.6.2_326/lpcxpresso/tools/bin/../lib/gcc/arm-none-eabi/4.9.3/armv6-m/libcr_eabihelpers.a(division_idiv0.o)
 .ARM.attributes
                0x00000000000009f5       0x31 /Applications/lpcxpresso_7.6.2_326/lpcxpresso/tools/bin/../lib/gcc/arm-none-eabi/4.9.3/armv6-m/libcr_eabihelpers.a(double.o)
 .ARM.attributes
                0x0000000000000a26       0x21 /Applications/lpcxpresso_7.6.2_326/lpcxpresso/tools/bin/../lib/gcc/arm-none-eabi/4.9.3/armv6-m/libcr_eabihelpers.a(llong.o)
 .ARM.attributes
                0x0000000000000a47       0x21 /Applications/lpcxpresso_7.6.2_326/lpcxpresso/tools/bin/../lib/gcc/arm-none-eabi/4.9.3/armv6-m/libcr_eabihelpers.a(memcpy.o)
 .ARM.attributes
                0x0000000000000a68       0x31 /Applications/lpcxpresso_7.6.2_326/lpcxpresso/tools/bin/../lib/gcc/arm-none-eabi/4.9.3/../../../../arm-none-eabi/lib/armv6-m/libcr_nohost.a(__sys_appexit.o)
 .ARM.attributes
                0x0000000000000a99       0x31 /Applications/lpcxpresso_7.6.2_326/lpcxpresso/tools/bin/../lib/gcc/arm-none-eabi/4.9.3/../../../../arm-none-eabi/lib/armv6-m/libcr_nohost.a(__sys_close.o)
 .ARM.attributes
                0x0000000000000aca       0x31 /Applications/lpcxpresso_7.6.2_326/lpcxpresso/tools/bin/../lib/gcc/arm-none-eabi/4.9.3/../../../../arm-none-eabi/lib/armv6-m/libcr_nohost.a(__sys_flen.o)
 .ARM.attributes
                0x0000000000000afb       0x31 /Applications/lpcxpresso_7.6.2_326/lpcxpresso/tools/bin/../lib/gcc/arm-none-eabi/4.9.3/../../../../arm-none-eabi/lib/armv6-m/libcr_nohost.a(__sys_istty.o)
 .ARM.attributes
                0x0000000000000b2c       0x31 /Applications/lpcxpresso_7.6.2_326/lpcxpresso/tools/bin/../lib/gcc/arm-none-eabi/4.9.3/../../../../arm-none-eabi/lib/armv6-m/libcr_nohost.a(__sys_remove.o)
 .ARM.attributes
                0x0000000000000b5d       0x31 /Applications/lpcxpresso_7.6.2_326/lpcxpresso/tools/bin/../lib/gcc/arm-none-eabi/4.9.3/../../../../arm-none-eabi/lib/armv6-m/libcr_nohost.a(__sys_seek.o)
 .ARM.attributes
                0x0000000000000b8e       0x31 /Applications/lpcxpresso_7.6.2_326/lpcxpresso/tools/bin/../lib/gcc/arm-none-eabi/4.9.3/../../../../arm-none-eabi/lib/armv6-m/libcr_nohost.a(__sys_tmpnam.o)

.comment        0x0000000000000000       0x70
 .comment       0x0000000000000000       0x70 ./src/avg_buffer.o
                                         0x71 (size before relaxing)
 .comment       0x0000000000000000       0x71 ./src/cr_startup_lpc82x.o
 .comment       0x0000000000000000       0x71 ./src/crp.o
 .comment       0x0000000000000000       0x71 ./src/fir.o
 .comment       0x0000000000000000       0x71 ./src/init.o
 .comment       0x0000000000000000       0x71 ./src/mtb.o
 .comment       0x0000000000000000       0x71 ./src/power_avg.o
 .comment       0x0000000000000000       0x71 ./src/sysinit.o
 .comment       0x0000000000000000       0x71 ./src/test_1.o
 .comment       0x0000000000000000       0x71 /Users/lszuba/dev/LPCXpresso/workspace/lpc_board_nxp_lpcxpresso_824/Debug/liblpc_board_nxp_lpcxpresso_824.a(board.o)
 .comment       0x0000000000000000       0x71 /Users/lszuba/dev/LPCXpresso/workspace/lpc_board_nxp_lpcxpresso_824/Debug/liblpc_board_nxp_lpcxpresso_824.a(board_sysinit.o)
 .comment       0x0000000000000000       0x71 /Users/lszuba/dev/LPCXpresso/workspace/lpc_chip_82x/Debug/liblpc_chip_82x.a(adc_8xx.o)
 .comment       0x0000000000000000       0x71 /Users/lszuba/dev/LPCXpresso/workspace/lpc_chip_82x/Debug/liblpc_chip_82x.a(chip_8xx.o)
 .comment       0x0000000000000000       0x71 /Users/lszuba/dev/LPCXpresso/workspace/lpc_chip_82x/Debug/liblpc_chip_82x.a(clock_8xx.o)
 .comment       0x0000000000000000       0x71 /Users/lszuba/dev/LPCXpresso/workspace/lpc_chip_82x/Debug/liblpc_chip_82x.a(dma_8xx.o)
 .comment       0x0000000000000000       0x71 /Users/lszuba/dev/LPCXpresso/workspace/lpc_chip_82x/Debug/liblpc_chip_82x.a(gpio_8xx.o)
 .comment       0x0000000000000000       0x71 /Users/lszuba/dev/LPCXpresso/workspace/lpc_chip_82x/Debug/liblpc_chip_82x.a(ring_buffer.o)
 .comment       0x0000000000000000       0x71 /Users/lszuba/dev/LPCXpresso/workspace/lpc_chip_82x/Debug/liblpc_chip_82x.a(sct_8xx.o)
 .comment       0x0000000000000000       0x71 /Users/lszuba/dev/LPCXpresso/workspace/lpc_chip_82x/Debug/liblpc_chip_82x.a(sct_pwm_8xx.o)
 .comment       0x0000000000000000       0x71 /Users/lszuba/dev/LPCXpresso/workspace/lpc_chip_82x/Debug/liblpc_chip_82x.a(swm_8xx.o)
 .comment       0x0000000000000000       0x71 /Users/lszuba/dev/LPCXpresso/workspace/lpc_chip_82x/Debug/liblpc_chip_82x.a(syscon_8xx.o)
 .comment       0x0000000000000000       0x71 /Users/lszuba/dev/LPCXpresso/workspace/lpc_chip_82x/Debug/liblpc_chip_82x.a(sysinit_8xx.o)
 .comment       0x0000000000000000       0x71 /Users/lszuba/dev/LPCXpresso/workspace/lpc_chip_82x/Debug/liblpc_chip_82x.a(uart_8xx.o)
 .comment       0x0000000000000000       0x71 /Applications/lpcxpresso_7.6.2_326/lpcxpresso/tools/bin/../lib/gcc/arm-none-eabi/4.9.3/../../../../arm-none-eabi/lib/armv6-m/libcr_nohost.a(_cr__main.o)
 .comment       0x0000000000000000       0x71 /Applications/lpcxpresso_7.6.2_326/lpcxpresso/tools/bin/../lib/gcc/arm-none-eabi/4.9.3/../../../../arm-none-eabi/lib/armv6-m/libcr_c.a(memcpy.o)
 .comment       0x0000000000000000       0x71 /Applications/lpcxpresso_7.6.2_326/lpcxpresso/tools/bin/../lib/gcc/arm-none-eabi/4.9.3/../../../../arm-none-eabi/lib/armv6-m/libcr_c.a(fpprintf.o)
 .comment       0x0000000000000000       0x71 /Applications/lpcxpresso_7.6.2_326/lpcxpresso/tools/bin/../lib/gcc/arm-none-eabi/4.9.3/../../../../arm-none-eabi/lib/armv6-m/libcr_c.a(initio.o)
 .comment       0x0000000000000000       0x71 /Applications/lpcxpresso_7.6.2_326/lpcxpresso/tools/bin/../lib/gcc/arm-none-eabi/4.9.3/../../../../arm-none-eabi/lib/armv6-m/libcr_c.a(printf.o)
 .comment       0x0000000000000000       0x71 /Applications/lpcxpresso_7.6.2_326/lpcxpresso/tools/bin/../lib/gcc/arm-none-eabi/4.9.3/../../../../arm-none-eabi/lib/armv6-m/libcr_c.a(setvbuf.o)
 .comment       0x0000000000000000       0x71 /Applications/lpcxpresso_7.6.2_326/lpcxpresso/tools/bin/../lib/gcc/arm-none-eabi/4.9.3/../../../../arm-none-eabi/lib/armv6-m/libcr_c.a(stdio.o)
 .comment       0x0000000000000000       0x71 /Applications/lpcxpresso_7.6.2_326/lpcxpresso/tools/bin/../lib/gcc/arm-none-eabi/4.9.3/../../../../arm-none-eabi/lib/armv6-m/libcr_c.a(strlen.o)
 .comment       0x0000000000000000       0x71 /Applications/lpcxpresso_7.6.2_326/lpcxpresso/tools/bin/../lib/gcc/arm-none-eabi/4.9.3/../../../../arm-none-eabi/lib/armv6-m/libcr_c.a(memset.o)
 .comment       0x0000000000000000       0x71 /Applications/lpcxpresso_7.6.2_326/lpcxpresso/tools/bin/../lib/gcc/arm-none-eabi/4.9.3/../../../../arm-none-eabi/lib/armv6-m/libcr_c.a(_deferredlazyseek.o)
 .comment       0x0000000000000000       0x71 /Applications/lpcxpresso_7.6.2_326/lpcxpresso/tools/bin/../lib/gcc/arm-none-eabi/4.9.3/../../../../arm-none-eabi/lib/armv6-m/libcr_c.a(_fdopen.o)
 .comment       0x0000000000000000       0x71 /Applications/lpcxpresso_7.6.2_326/lpcxpresso/tools/bin/../lib/gcc/arm-none-eabi/4.9.3/../../../../arm-none-eabi/lib/armv6-m/libcr_c.a(_fflush.o)
 .comment       0x0000000000000000       0x71 /Applications/lpcxpresso_7.6.2_326/lpcxpresso/tools/bin/../lib/gcc/arm-none-eabi/4.9.3/../../../../arm-none-eabi/lib/armv6-m/libcr_c.a(_frexpl.o)
 .comment       0x0000000000000000       0x71 /Applications/lpcxpresso_7.6.2_326/lpcxpresso/tools/bin/../lib/gcc/arm-none-eabi/4.9.3/../../../../arm-none-eabi/lib/armv6-m/libcr_c.a(_ldexpl.o)
 .comment       0x0000000000000000       0x71 /Applications/lpcxpresso_7.6.2_326/lpcxpresso/tools/bin/../lib/gcc/arm-none-eabi/4.9.3/../../../../arm-none-eabi/lib/armv6-m/libcr_c.a(_writebuf.o)
 .comment       0x0000000000000000       0x71 /Applications/lpcxpresso_7.6.2_326/lpcxpresso/tools/bin/../lib/gcc/arm-none-eabi/4.9.3/../../../../arm-none-eabi/lib/armv6-m/libcr_c.a(alloc.o)
 .comment       0x0000000000000000       0x71 /Applications/lpcxpresso_7.6.2_326/lpcxpresso/tools/bin/../lib/gcc/arm-none-eabi/4.9.3/../../../../arm-none-eabi/lib/armv6-m/libcr_c.a(errno.o)
 .comment       0x0000000000000000       0x71 /Applications/lpcxpresso_7.6.2_326/lpcxpresso/tools/bin/../lib/gcc/arm-none-eabi/4.9.3/../../../../arm-none-eabi/lib/armv6-m/libcr_c.a(fclose.o)
 .comment       0x0000000000000000       0x71 /Applications/lpcxpresso_7.6.2_326/lpcxpresso/tools/bin/../lib/gcc/arm-none-eabi/4.9.3/../../../../arm-none-eabi/lib/armv6-m/libcr_c.a(fflush.o)
 .comment       0x0000000000000000       0x71 /Applications/lpcxpresso_7.6.2_326/lpcxpresso/tools/bin/../lib/gcc/arm-none-eabi/4.9.3/../../../../arm-none-eabi/lib/armv6-m/libcr_c.a(fseek.o)
 .comment       0x0000000000000000       0x71 /Applications/lpcxpresso_7.6.2_326/lpcxpresso/tools/bin/../lib/gcc/arm-none-eabi/4.9.3/../../../../arm-none-eabi/lib/armv6-m/libcr_c.a(ftell.o)
 .comment       0x0000000000000000       0x71 /Applications/lpcxpresso_7.6.2_326/lpcxpresso/tools/bin/../lib/gcc/arm-none-eabi/4.9.3/../../../../arm-none-eabi/lib/armv6-m/libcr_c.a(remove.o)
 .comment       0x0000000000000000       0x71 /Applications/lpcxpresso_7.6.2_326/lpcxpresso/tools/bin/../lib/gcc/arm-none-eabi/4.9.3/../../../../arm-none-eabi/lib/armv6-m/libcr_c.a(__init_alloc.o)
 .comment       0x0000000000000000       0x71 /Applications/lpcxpresso_7.6.2_326/lpcxpresso/tools/bin/../lib/gcc/arm-none-eabi/4.9.3/../../../../arm-none-eabi/lib/armv6-m/libcr_c.a(_cr_sbrk.o)
 .comment       0x0000000000000000       0x71 /Applications/lpcxpresso_7.6.2_326/lpcxpresso/tools/bin/../lib/gcc/arm-none-eabi/4.9.3/../../../../arm-none-eabi/lib/armv6-m/libcr_c.a(_do_fflush.o)
 .comment       0x0000000000000000       0x71 /Applications/lpcxpresso_7.6.2_326/lpcxpresso/tools/bin/../lib/gcc/arm-none-eabi/4.9.3/../../../../arm-none-eabi/lib/armv6-m/libcr_c.a(_hugeval.o)
 .comment       0x0000000000000000       0x71 /Applications/lpcxpresso_7.6.2_326/lpcxpresso/tools/bin/../lib/gcc/arm-none-eabi/4.9.3/../../../../arm-none-eabi/lib/armv6-m/libcr_c.a(_cr_check_heap.o)
 .comment       0x0000000000000000       0x71 /Applications/lpcxpresso_7.6.2_326/lpcxpresso/tools/bin/../lib/gcc/arm-none-eabi/4.9.3/armv6-m/libcr_eabihelpers.a(double.o)
 .comment       0x0000000000000000       0x71 /Applications/lpcxpresso_7.6.2_326/lpcxpresso/tools/bin/../lib/gcc/arm-none-eabi/4.9.3/../../../../arm-none-eabi/lib/armv6-m/libcr_nohost.a(__sys_appexit.o)
 .comment       0x0000000000000000       0x71 /Applications/lpcxpresso_7.6.2_326/lpcxpresso/tools/bin/../lib/gcc/arm-none-eabi/4.9.3/../../../../arm-none-eabi/lib/armv6-m/libcr_nohost.a(__sys_close.o)
 .comment       0x0000000000000000       0x71 /Applications/lpcxpresso_7.6.2_326/lpcxpresso/tools/bin/../lib/gcc/arm-none-eabi/4.9.3/../../../../arm-none-eabi/lib/armv6-m/libcr_nohost.a(__sys_flen.o)
 .comment       0x0000000000000000       0x71 /Applications/lpcxpresso_7.6.2_326/lpcxpresso/tools/bin/../lib/gcc/arm-none-eabi/4.9.3/../../../../arm-none-eabi/lib/armv6-m/libcr_nohost.a(__sys_istty.o)
 .comment       0x0000000000000000       0x71 /Applications/lpcxpresso_7.6.2_326/lpcxpresso/tools/bin/../lib/gcc/arm-none-eabi/4.9.3/../../../../arm-none-eabi/lib/armv6-m/libcr_nohost.a(__sys_remove.o)
 .comment       0x0000000000000000       0x71 /Applications/lpcxpresso_7.6.2_326/lpcxpresso/tools/bin/../lib/gcc/arm-none-eabi/4.9.3/../../../../arm-none-eabi/lib/armv6-m/libcr_nohost.a(__sys_seek.o)
 .comment       0x0000000000000000       0x71 /Applications/lpcxpresso_7.6.2_326/lpcxpresso/tools/bin/../lib/gcc/arm-none-eabi/4.9.3/../../../../arm-none-eabi/lib/armv6-m/libcr_nohost.a(__sys_tmpnam.o)

.debug_line     0x0000000000000000     0x5e68
 .debug_line    0x0000000000000000       0x65 ./src/aeabi_romdiv_patch.o
 .debug_line    0x0000000000000065      0x45f ./src/avg_buffer.o
 .debug_line    0x00000000000004c4       0xbe ./src/cr_startup_lpc82x.o
 .debug_line    0x0000000000000582       0x7f ./src/crp.o
 .debug_line    0x0000000000000601      0x470 ./src/fir.o
 .debug_line    0x0000000000000a71      0x77c ./src/init.o
 .debug_line    0x00000000000011ed       0x9c ./src/mtb.o
 .debug_line    0x0000000000001289      0x459 ./src/power_avg.o
 .debug_line    0x00000000000016e2      0x40e ./src/sysinit.o
 .debug_line    0x0000000000001af0      0x7ee ./src/test_1.o
 .debug_line    0x00000000000022de      0x57d /Users/lszuba/dev/LPCXpresso/workspace/lpc_board_nxp_lpcxpresso_824/Debug/liblpc_board_nxp_lpcxpresso_824.a(board.o)
 .debug_line    0x000000000000285b      0x450 /Users/lszuba/dev/LPCXpresso/workspace/lpc_board_nxp_lpcxpresso_824/Debug/liblpc_board_nxp_lpcxpresso_824.a(board_sysinit.o)
 .debug_line    0x0000000000002cab      0x421 /Users/lszuba/dev/LPCXpresso/workspace/lpc_chip_82x/Debug/liblpc_chip_82x.a(adc_8xx.o)
 .debug_line    0x00000000000030cc      0x3a2 /Users/lszuba/dev/LPCXpresso/workspace/lpc_chip_82x/Debug/liblpc_chip_82x.a(chip_8xx.o)
 .debug_line    0x000000000000346e      0x5f2 /Users/lszuba/dev/LPCXpresso/workspace/lpc_chip_82x/Debug/liblpc_chip_82x.a(clock_8xx.o)
 .debug_line    0x0000000000003a60      0x390 /Users/lszuba/dev/LPCXpresso/workspace/lpc_chip_82x/Debug/liblpc_chip_82x.a(dma_8xx.o)
 .debug_line    0x0000000000003df0      0x3db /Users/lszuba/dev/LPCXpresso/workspace/lpc_chip_82x/Debug/liblpc_chip_82x.a(gpio_8xx.o)
 .debug_line    0x00000000000041cb      0x251 /Users/lszuba/dev/LPCXpresso/workspace/lpc_chip_82x/Debug/liblpc_chip_82x.a(ring_buffer.o)
 .debug_line    0x000000000000441c      0x469 /Users/lszuba/dev/LPCXpresso/workspace/lpc_chip_82x/Debug/liblpc_chip_82x.a(sct_8xx.o)
 .debug_line    0x0000000000004885      0x426 /Users/lszuba/dev/LPCXpresso/workspace/lpc_chip_82x/Debug/liblpc_chip_82x.a(sct_pwm_8xx.o)
 .debug_line    0x0000000000004cab      0x3e1 /Users/lszuba/dev/LPCXpresso/workspace/lpc_chip_82x/Debug/liblpc_chip_82x.a(swm_8xx.o)
 .debug_line    0x000000000000508c      0x3df /Users/lszuba/dev/LPCXpresso/workspace/lpc_chip_82x/Debug/liblpc_chip_82x.a(syscon_8xx.o)
 .debug_line    0x000000000000546b      0x43d /Users/lszuba/dev/LPCXpresso/workspace/lpc_chip_82x/Debug/liblpc_chip_82x.a(sysinit_8xx.o)
 .debug_line    0x00000000000058a8      0x5c0 /Users/lszuba/dev/LPCXpresso/workspace/lpc_chip_82x/Debug/liblpc_chip_82x.a(uart_8xx.o)

.debug_info     0x0000000000000000     0x9e9f
 .debug_info    0x0000000000000000       0x74 ./src/aeabi_romdiv_patch.o
 .debug_info    0x0000000000000074      0x1c9 ./src/avg_buffer.o
 .debug_info    0x000000000000023d      0x230 ./src/cr_startup_lpc82x.o
 .debug_info    0x000000000000046d       0x3f ./src/crp.o
 .debug_info    0x00000000000004ac      0x2d1 ./src/fir.o
 .debug_info    0x000000000000077d     0x1db9 ./src/init.o
 .debug_info    0x0000000000002536       0x51 ./src/mtb.o
 .debug_info    0x0000000000002587      0x1b8 ./src/power_avg.o
 .debug_info    0x000000000000273f       0xc3 ./src/sysinit.o
 .debug_info    0x0000000000002802     0x1e43 ./src/test_1.o
 .debug_info    0x0000000000004645      0x5e8 /Users/lszuba/dev/LPCXpresso/workspace/lpc_board_nxp_lpcxpresso_824/Debug/liblpc_board_nxp_lpcxpresso_824.a(board.o)
 .debug_info    0x0000000000004c2d      0x4f5 /Users/lszuba/dev/LPCXpresso/workspace/lpc_board_nxp_lpcxpresso_824/Debug/liblpc_board_nxp_lpcxpresso_824.a(board_sysinit.o)
 .debug_info    0x0000000000005122      0x6b7 /Users/lszuba/dev/LPCXpresso/workspace/lpc_chip_82x/Debug/liblpc_chip_82x.a(adc_8xx.o)
 .debug_info    0x00000000000057d9      0x1c3 /Users/lszuba/dev/LPCXpresso/workspace/lpc_chip_82x/Debug/liblpc_chip_82x.a(chip_8xx.o)
 .debug_info    0x000000000000599c      0xb5f /Users/lszuba/dev/LPCXpresso/workspace/lpc_chip_82x/Debug/liblpc_chip_82x.a(clock_8xx.o)
 .debug_info    0x00000000000064fb      0x1fe /Users/lszuba/dev/LPCXpresso/workspace/lpc_chip_82x/Debug/liblpc_chip_82x.a(dma_8xx.o)
 .debug_info    0x00000000000066f9      0x65c /Users/lszuba/dev/LPCXpresso/workspace/lpc_chip_82x/Debug/liblpc_chip_82x.a(gpio_8xx.o)
 .debug_info    0x0000000000006d55      0x344 /Users/lszuba/dev/LPCXpresso/workspace/lpc_chip_82x/Debug/liblpc_chip_82x.a(ring_buffer.o)
 .debug_info    0x0000000000007099      0xc48 /Users/lszuba/dev/LPCXpresso/workspace/lpc_chip_82x/Debug/liblpc_chip_82x.a(sct_8xx.o)
 .debug_info    0x0000000000007ce1      0x7bf /Users/lszuba/dev/LPCXpresso/workspace/lpc_chip_82x/Debug/liblpc_chip_82x.a(sct_pwm_8xx.o)
 .debug_info    0x00000000000084a0      0x404 /Users/lszuba/dev/LPCXpresso/workspace/lpc_chip_82x/Debug/liblpc_chip_82x.a(swm_8xx.o)
 .debug_info    0x00000000000088a4      0x48f /Users/lszuba/dev/LPCXpresso/workspace/lpc_chip_82x/Debug/liblpc_chip_82x.a(syscon_8xx.o)
 .debug_info    0x0000000000008d33      0x5ae /Users/lszuba/dev/LPCXpresso/workspace/lpc_chip_82x/Debug/liblpc_chip_82x.a(sysinit_8xx.o)
 .debug_info    0x00000000000092e1      0xbbe /Users/lszuba/dev/LPCXpresso/workspace/lpc_chip_82x/Debug/liblpc_chip_82x.a(uart_8xx.o)

.debug_abbrev   0x0000000000000000     0x1ea7
 .debug_abbrev  0x0000000000000000       0x12 ./src/aeabi_romdiv_patch.o
 .debug_abbrev  0x0000000000000012       0xea ./src/avg_buffer.o
 .debug_abbrev  0x00000000000000fc       0xf5 ./src/cr_startup_lpc82x.o
 .debug_abbrev  0x00000000000001f1       0x36 ./src/crp.o
 .debug_abbrev  0x0000000000000227      0x11a ./src/fir.o
 .debug_abbrev  0x0000000000000341      0x2d9 ./src/init.o
 .debug_abbrev  0x000000000000061a       0x41 ./src/mtb.o
 .debug_abbrev  0x000000000000065b      0x104 ./src/power_avg.o
 .debug_abbrev  0x000000000000075f       0x6a ./src/sysinit.o
 .debug_abbrev  0x00000000000007c9      0x37c ./src/test_1.o
 .debug_abbrev  0x0000000000000b45      0x230 /Users/lszuba/dev/LPCXpresso/workspace/lpc_board_nxp_lpcxpresso_824/Debug/liblpc_board_nxp_lpcxpresso_824.a(board.o)
 .debug_abbrev  0x0000000000000d75       0xed /Users/lszuba/dev/LPCXpresso/workspace/lpc_board_nxp_lpcxpresso_824/Debug/liblpc_board_nxp_lpcxpresso_824.a(board_sysinit.o)
 .debug_abbrev  0x0000000000000e62      0x14a /Users/lszuba/dev/LPCXpresso/workspace/lpc_chip_82x/Debug/liblpc_chip_82x.a(adc_8xx.o)
 .debug_abbrev  0x0000000000000fac       0x91 /Users/lszuba/dev/LPCXpresso/workspace/lpc_chip_82x/Debug/liblpc_chip_82x.a(chip_8xx.o)
 .debug_abbrev  0x000000000000103d      0x26e /Users/lszuba/dev/LPCXpresso/workspace/lpc_chip_82x/Debug/liblpc_chip_82x.a(clock_8xx.o)
 .debug_abbrev  0x00000000000012ab       0xa3 /Users/lszuba/dev/LPCXpresso/workspace/lpc_chip_82x/Debug/liblpc_chip_82x.a(dma_8xx.o)
 .debug_abbrev  0x000000000000134e      0x125 /Users/lszuba/dev/LPCXpresso/workspace/lpc_chip_82x/Debug/liblpc_chip_82x.a(gpio_8xx.o)
 .debug_abbrev  0x0000000000001473      0x12d /Users/lszuba/dev/LPCXpresso/workspace/lpc_chip_82x/Debug/liblpc_chip_82x.a(ring_buffer.o)
 .debug_abbrev  0x00000000000015a0      0x1e7 /Users/lszuba/dev/LPCXpresso/workspace/lpc_chip_82x/Debug/liblpc_chip_82x.a(sct_8xx.o)
 .debug_abbrev  0x0000000000001787      0x1ed /Users/lszuba/dev/LPCXpresso/workspace/lpc_chip_82x/Debug/liblpc_chip_82x.a(sct_pwm_8xx.o)
 .debug_abbrev  0x0000000000001974      0x136 /Users/lszuba/dev/LPCXpresso/workspace/lpc_chip_82x/Debug/liblpc_chip_82x.a(swm_8xx.o)
 .debug_abbrev  0x0000000000001aaa       0xce /Users/lszuba/dev/LPCXpresso/workspace/lpc_chip_82x/Debug/liblpc_chip_82x.a(syscon_8xx.o)
 .debug_abbrev  0x0000000000001b78      0x13d /Users/lszuba/dev/LPCXpresso/workspace/lpc_chip_82x/Debug/liblpc_chip_82x.a(sysinit_8xx.o)
 .debug_abbrev  0x0000000000001cb5      0x1f2 /Users/lszuba/dev/LPCXpresso/workspace/lpc_chip_82x/Debug/liblpc_chip_82x.a(uart_8xx.o)

.debug_aranges  0x0000000000000000      0x910
 .debug_aranges
                0x0000000000000000       0x28 ./src/aeabi_romdiv_patch.o
 .debug_aranges
                0x0000000000000028       0x28 ./src/avg_buffer.o
 .debug_aranges
                0x0000000000000050       0x60 ./src/cr_startup_lpc82x.o
 .debug_aranges
                0x00000000000000b0       0x18 ./src/crp.o
 .debug_aranges
                0x00000000000000c8       0x30 ./src/fir.o
 .debug_aranges
                0x00000000000000f8      0x158 ./src/init.o
 .debug_aranges
                0x0000000000000250       0x18 ./src/mtb.o
 .debug_aranges
                0x0000000000000268       0x30 ./src/power_avg.o
 .debug_aranges
                0x0000000000000298       0x20 ./src/sysinit.o
 .debug_aranges
                0x00000000000002b8      0x120 ./src/test_1.o
 .debug_aranges
                0x00000000000003d8       0x98 /Users/lszuba/dev/LPCXpresso/workspace/lpc_board_nxp_lpcxpresso_824/Debug/liblpc_board_nxp_lpcxpresso_824.a(board.o)
 .debug_aranges
                0x0000000000000470       0x38 /Users/lszuba/dev/LPCXpresso/workspace/lpc_board_nxp_lpcxpresso_824/Debug/liblpc_board_nxp_lpcxpresso_824.a(board_sysinit.o)
 .debug_aranges
                0x00000000000004a8       0x50 /Users/lszuba/dev/LPCXpresso/workspace/lpc_chip_82x/Debug/liblpc_chip_82x.a(adc_8xx.o)
 .debug_aranges
                0x00000000000004f8       0x20 /Users/lszuba/dev/LPCXpresso/workspace/lpc_chip_82x/Debug/liblpc_chip_82x.a(chip_8xx.o)
 .debug_aranges
                0x0000000000000518       0xf0 /Users/lszuba/dev/LPCXpresso/workspace/lpc_chip_82x/Debug/liblpc_chip_82x.a(clock_8xx.o)
 .debug_aranges
                0x0000000000000608       0x18 /Users/lszuba/dev/LPCXpresso/workspace/lpc_chip_82x/Debug/liblpc_chip_82x.a(dma_8xx.o)
 .debug_aranges
                0x0000000000000620       0x38 /Users/lszuba/dev/LPCXpresso/workspace/lpc_chip_82x/Debug/liblpc_chip_82x.a(gpio_8xx.o)
 .debug_aranges
                0x0000000000000658       0x60 /Users/lszuba/dev/LPCXpresso/workspace/lpc_chip_82x/Debug/liblpc_chip_82x.a(ring_buffer.o)
 .debug_aranges
                0x00000000000006b8       0x70 /Users/lszuba/dev/LPCXpresso/workspace/lpc_chip_82x/Debug/liblpc_chip_82x.a(sct_8xx.o)
 .debug_aranges
                0x0000000000000728       0x50 /Users/lszuba/dev/LPCXpresso/workspace/lpc_chip_82x/Debug/liblpc_chip_82x.a(sct_pwm_8xx.o)
 .debug_aranges
                0x0000000000000778       0x38 /Users/lszuba/dev/LPCXpresso/workspace/lpc_chip_82x/Debug/liblpc_chip_82x.a(swm_8xx.o)
 .debug_aranges
                0x00000000000007b0       0x38 /Users/lszuba/dev/LPCXpresso/workspace/lpc_chip_82x/Debug/liblpc_chip_82x.a(syscon_8xx.o)
 .debug_aranges
                0x00000000000007e8       0x50 /Users/lszuba/dev/LPCXpresso/workspace/lpc_chip_82x/Debug/liblpc_chip_82x.a(sysinit_8xx.o)
 .debug_aranges
                0x0000000000000838       0xd8 /Users/lszuba/dev/LPCXpresso/workspace/lpc_chip_82x/Debug/liblpc_chip_82x.a(uart_8xx.o)

.debug_ranges   0x0000000000000000      0x780
 .debug_ranges  0x0000000000000000       0x20 ./src/aeabi_romdiv_patch.o
 .debug_ranges  0x0000000000000020       0x18 ./src/avg_buffer.o
 .debug_ranges  0x0000000000000038       0x50 ./src/cr_startup_lpc82x.o
 .debug_ranges  0x0000000000000088       0x20 ./src/fir.o
 .debug_ranges  0x00000000000000a8      0x148 ./src/init.o
 .debug_ranges  0x00000000000001f0       0x20 ./src/power_avg.o
 .debug_ranges  0x0000000000000210       0x10 ./src/sysinit.o
 .debug_ranges  0x0000000000000220      0x110 ./src/test_1.o
 .debug_ranges  0x0000000000000330       0x88 /Users/lszuba/dev/LPCXpresso/workspace/lpc_board_nxp_lpcxpresso_824/Debug/liblpc_board_nxp_lpcxpresso_824.a(board.o)
 .debug_ranges  0x00000000000003b8       0x28 /Users/lszuba/dev/LPCXpresso/workspace/lpc_board_nxp_lpcxpresso_824/Debug/liblpc_board_nxp_lpcxpresso_824.a(board_sysinit.o)
 .debug_ranges  0x00000000000003e0       0x40 /Users/lszuba/dev/LPCXpresso/workspace/lpc_chip_82x/Debug/liblpc_chip_82x.a(adc_8xx.o)
 .debug_ranges  0x0000000000000420       0x10 /Users/lszuba/dev/LPCXpresso/workspace/lpc_chip_82x/Debug/liblpc_chip_82x.a(chip_8xx.o)
 .debug_ranges  0x0000000000000430       0xe0 /Users/lszuba/dev/LPCXpresso/workspace/lpc_chip_82x/Debug/liblpc_chip_82x.a(clock_8xx.o)
 .debug_ranges  0x0000000000000510       0x28 /Users/lszuba/dev/LPCXpresso/workspace/lpc_chip_82x/Debug/liblpc_chip_82x.a(gpio_8xx.o)
 .debug_ranges  0x0000000000000538       0x50 /Users/lszuba/dev/LPCXpresso/workspace/lpc_chip_82x/Debug/liblpc_chip_82x.a(ring_buffer.o)
 .debug_ranges  0x0000000000000588       0x60 /Users/lszuba/dev/LPCXpresso/workspace/lpc_chip_82x/Debug/liblpc_chip_82x.a(sct_8xx.o)
 .debug_ranges  0x00000000000005e8       0x40 /Users/lszuba/dev/LPCXpresso/workspace/lpc_chip_82x/Debug/liblpc_chip_82x.a(sct_pwm_8xx.o)
 .debug_ranges  0x0000000000000628       0x28 /Users/lszuba/dev/LPCXpresso/workspace/lpc_chip_82x/Debug/liblpc_chip_82x.a(swm_8xx.o)
 .debug_ranges  0x0000000000000650       0x28 /Users/lszuba/dev/LPCXpresso/workspace/lpc_chip_82x/Debug/liblpc_chip_82x.a(syscon_8xx.o)
 .debug_ranges  0x0000000000000678       0x40 /Users/lszuba/dev/LPCXpresso/workspace/lpc_chip_82x/Debug/liblpc_chip_82x.a(sysinit_8xx.o)
 .debug_ranges  0x00000000000006b8       0xc8 /Users/lszuba/dev/LPCXpresso/workspace/lpc_chip_82x/Debug/liblpc_chip_82x.a(uart_8xx.o)

.debug_macro    0x0000000000000000     0x5c13
 .debug_macro   0x0000000000000000      0x239 ./src/avg_buffer.o
 .debug_macro   0x0000000000000239      0x85c ./src/avg_buffer.o
 .debug_macro   0x0000000000000a95       0x10 ./src/avg_buffer.o
 .debug_macro   0x0000000000000aa5      0x12d ./src/avg_buffer.o
 .debug_macro   0x0000000000000bd2      0x5b2 ./src/avg_buffer.o
 .debug_macro   0x0000000000001184       0x22 ./src/avg_buffer.o
 .debug_macro   0x00000000000011a6       0x7b ./src/avg_buffer.o
 .debug_macro   0x0000000000001221       0x16 ./src/avg_buffer.o
 .debug_macro   0x0000000000001237       0x28 ./src/avg_buffer.o
 .debug_macro   0x000000000000125f       0x3a ./src/avg_buffer.o
 .debug_macro   0x0000000000001299       0x1f ./src/avg_buffer.o
 .debug_macro   0x00000000000012b8      0x250 ./src/avg_buffer.o
 .debug_macro   0x0000000000001508      0x1ae ./src/avg_buffer.o
 .debug_macro   0x00000000000016b6       0xca ./src/avg_buffer.o
 .debug_macro   0x0000000000001780       0x6a ./src/avg_buffer.o
 .debug_macro   0x00000000000017ea       0x70 ./src/avg_buffer.o
 .debug_macro   0x000000000000185a       0x28 ./src/avg_buffer.o
 .debug_macro   0x0000000000001882      0x190 ./src/avg_buffer.o
 .debug_macro   0x0000000000001a12       0x1c ./src/avg_buffer.o
 .debug_macro   0x0000000000001a2e       0x64 ./src/avg_buffer.o
 .debug_macro   0x0000000000001a92       0x10 ./src/avg_buffer.o
 .debug_macro   0x0000000000001aa2       0x22 ./src/avg_buffer.o
 .debug_macro   0x0000000000001ac4       0xb2 ./src/avg_buffer.o
 .debug_macro   0x0000000000001b76       0x58 ./src/avg_buffer.o
 .debug_macro   0x0000000000001bce       0x58 ./src/avg_buffer.o
 .debug_macro   0x0000000000001c26       0x6a ./src/avg_buffer.o
 .debug_macro   0x0000000000001c90       0x82 ./src/avg_buffer.o
 .debug_macro   0x0000000000001d12       0x16 ./src/avg_buffer.o
 .debug_macro   0x0000000000001d28      0x16f ./src/avg_buffer.o
 .debug_macro   0x0000000000001e97       0x22 ./src/avg_buffer.o
 .debug_macro   0x0000000000001eb9       0x52 ./src/avg_buffer.o
 .debug_macro   0x0000000000001f0b      0x181 ./src/avg_buffer.o
 .debug_macro   0x000000000000208c      0x289 ./src/avg_buffer.o
 .debug_macro   0x0000000000002315      0x28b ./src/avg_buffer.o
 .debug_macro   0x00000000000025a0       0x2e ./src/avg_buffer.o
 .debug_macro   0x00000000000025ce       0x22 ./src/avg_buffer.o
 .debug_macro   0x00000000000025f0      0x216 ./src/avg_buffer.o
 .debug_macro   0x0000000000002806      0x1d5 ./src/avg_buffer.o
 .debug_macro   0x00000000000029db       0x10 ./src/avg_buffer.o
 .debug_macro   0x00000000000029eb       0x9a ./src/avg_buffer.o
 .debug_macro   0x0000000000002a85       0x20 ./src/avg_buffer.o
 .debug_macro   0x0000000000002aa5       0x23 ./src/cr_startup_lpc82x.o
 .debug_macro   0x0000000000002ac8       0x1a ./src/crp.o
 .debug_macro   0x0000000000002ae2       0x34 ./src/crp.o
 .debug_macro   0x0000000000002b16      0x239 ./src/fir.o
 .debug_macro   0x0000000000002d4f      0x241 ./src/init.o
 .debug_macro   0x0000000000002f90       0x10 ./src/init.o
 .debug_macro   0x0000000000002fa0       0x7c ./src/init.o
 .debug_macro   0x000000000000301c       0x29 ./src/mtb.o
 .debug_macro   0x0000000000003045       0x82 ./src/mtb.o
 .debug_macro   0x00000000000030c7       0x10 ./src/mtb.o
 .debug_macro   0x00000000000030d7      0x239 ./src/power_avg.o
 .debug_macro   0x0000000000003310      0x229 ./src/sysinit.o
 .debug_macro   0x0000000000003539      0x2c8 ./src/test_1.o
 .debug_macro   0x0000000000003801       0x10 ./src/test_1.o
 .debug_macro   0x0000000000003811       0x10 ./src/test_1.o
 .debug_macro   0x0000000000003821       0x10 ./src/test_1.o
 .debug_macro   0x0000000000003831       0x82 ./src/test_1.o
 .debug_macro   0x00000000000038b3      0x246 /Users/lszuba/dev/LPCXpresso/workspace/lpc_board_nxp_lpcxpresso_824/Debug/liblpc_board_nxp_lpcxpresso_824.a(board.o)
 .debug_macro   0x0000000000003af9      0x832 /Users/lszuba/dev/LPCXpresso/workspace/lpc_board_nxp_lpcxpresso_824/Debug/liblpc_board_nxp_lpcxpresso_824.a(board.o)
 .debug_macro   0x000000000000432b       0x12 /Users/lszuba/dev/LPCXpresso/workspace/lpc_board_nxp_lpcxpresso_824/Debug/liblpc_board_nxp_lpcxpresso_824.a(board.o)
 .debug_macro   0x000000000000433d      0x229 /Users/lszuba/dev/LPCXpresso/workspace/lpc_board_nxp_lpcxpresso_824/Debug/liblpc_board_nxp_lpcxpresso_824.a(board_sysinit.o)
 .debug_macro   0x0000000000004566      0x1f4 /Users/lszuba/dev/LPCXpresso/workspace/lpc_chip_82x/Debug/liblpc_chip_82x.a(adc_8xx.o)
 .debug_macro   0x000000000000475a      0x1f4 /Users/lszuba/dev/LPCXpresso/workspace/lpc_chip_82x/Debug/liblpc_chip_82x.a(chip_8xx.o)
 .debug_macro   0x000000000000494e      0x1f4 /Users/lszuba/dev/LPCXpresso/workspace/lpc_chip_82x/Debug/liblpc_chip_82x.a(clock_8xx.o)
 .debug_macro   0x0000000000004b42      0x1fa /Users/lszuba/dev/LPCXpresso/workspace/lpc_chip_82x/Debug/liblpc_chip_82x.a(dma_8xx.o)
 .debug_macro   0x0000000000004d3c      0x1f4 /Users/lszuba/dev/LPCXpresso/workspace/lpc_chip_82x/Debug/liblpc_chip_82x.a(gpio_8xx.o)
 .debug_macro   0x0000000000004f30       0x83 /Users/lszuba/dev/LPCXpresso/workspace/lpc_chip_82x/Debug/liblpc_chip_82x.a(ring_buffer.o)
 .debug_macro   0x0000000000004fb3       0x74 /Users/lszuba/dev/LPCXpresso/workspace/lpc_chip_82x/Debug/liblpc_chip_82x.a(ring_buffer.o)
 .debug_macro   0x0000000000005027       0x10 /Users/lszuba/dev/LPCXpresso/workspace/lpc_chip_82x/Debug/liblpc_chip_82x.a(ring_buffer.o)
 .debug_macro   0x0000000000005037      0x1f4 /Users/lszuba/dev/LPCXpresso/workspace/lpc_chip_82x/Debug/liblpc_chip_82x.a(sct_8xx.o)
 .debug_macro   0x000000000000522b      0x1f4 /Users/lszuba/dev/LPCXpresso/workspace/lpc_chip_82x/Debug/liblpc_chip_82x.a(sct_pwm_8xx.o)
 .debug_macro   0x000000000000541f      0x200 /Users/lszuba/dev/LPCXpresso/workspace/lpc_chip_82x/Debug/liblpc_chip_82x.a(swm_8xx.o)
 .debug_macro   0x000000000000561f      0x20c /Users/lszuba/dev/LPCXpresso/workspace/lpc_chip_82x/Debug/liblpc_chip_82x.a(syscon_8xx.o)